Component: ARM Compiler 6.14 Tool: armlink [5db06800]

==============================================================================

Memory Map of the image

  Image Entry point : 0x080000ed

  Load Region LR_IROM1 (Base: 0x08000000, Size: 0x000086a4, Max: 0x00020000, ABSOLUTE)

    Execution Region ER_IROM1 (Base: 0x08000000, Size: 0x00008588, Max: 0x00020000, ABSOLUTE)

    Base Addr    Size         Type   Attr      Idx    E Section Name        Object

    0x08000000   0x000000ec   Data   RO        25491    RESET               BUILD/NUCLEO_F103RB/ARMC6/mbed-os/targets/TARGET_STM/TARGET_STM32F1/TARGET_STM32F103xB/TOOLCHAIN_ARM/startup_stm32f103xb.o
    0x080000ec   0x00000000   Code   RO        26085  * .ARM.Collect$$$$00000000  c:\ProgramData\Mbed Studio\mbed-studio-tools\ac6\bin\..\lib\armlib\mc_w.l(entry.o)
    0x080000ec   0x00000004   Code   RO        26398    .ARM.Collect$$$$00000003  c:\ProgramData\Mbed Studio\mbed-studio-tools\ac6\bin\..\lib\armlib\mc_w.l(entry4.o)
    0x080000f0   0x00000004   Code   RO        26401    .ARM.Collect$$$$00000004  c:\ProgramData\Mbed Studio\mbed-studio-tools\ac6\bin\..\lib\armlib\mc_w.l(entry5.o)
    0x080000f4   0x00000004   Code   RO        26087    .ARM.Collect$$$$00000006  c:\ProgramData\Mbed Studio\mbed-studio-tools\ac6\bin\..\lib\armlib\mc_w.l(entry6b.o)
    0x080000f8   0x00000000   Code   RO        26403    .ARM.Collect$$$$00000008  c:\ProgramData\Mbed Studio\mbed-studio-tools\ac6\bin\..\lib\armlib\mc_w.l(entry7b.o)
    0x080000f8   0x00000004   Code   RO        26404    .ARM.Collect$$$$00000009  c:\ProgramData\Mbed Studio\mbed-studio-tools\ac6\bin\..\lib\armlib\mc_w.l(entry8a.o)
    0x080000fc   0x00000000   Code   RO        26405    .ARM.Collect$$$$0000000A  c:\ProgramData\Mbed Studio\mbed-studio-tools\ac6\bin\..\lib\armlib\mc_w.l(entry8b.o)
    0x080000fc   0x00000000   Code   RO        26406    .ARM.Collect$$$$0000000D  c:\ProgramData\Mbed Studio\mbed-studio-tools\ac6\bin\..\lib\armlib\mc_w.l(entry10a.o)
    0x080000fc   0x00000000   Code   RO        26408    .ARM.Collect$$$$0000000F  c:\ProgramData\Mbed Studio\mbed-studio-tools\ac6\bin\..\lib\armlib\mc_w.l(entry11a.o)
    0x080000fc   0x00000050   Code   RO          633    .ARM.Collect$$$$000000FF  BUILD/NUCLEO_F103RB/ARMC6/mbed-os/cmsis/device/rtos/TOOLCHAIN_ARM_STD/mbed_boot_arm_std.o
    0x0800014c   0x00000004   Code   RO        26399    .ARM.Collect$$$$00002714  c:\ProgramData\Mbed Studio\mbed-studio-tools\ac6\bin\..\lib\armlib\mc_w.l(entry4.o)
    0x08000150   0x00000094   Code   RO          142    .text               BUILD/NUCLEO_F103RB/ARMC6/mbed-os/cmsis/CMSIS_5/CMSIS/RTOS2/RTX/Source/TOOLCHAIN_ARM/TARGET_M3/irq_cm3.o
    0x080001e4   0x0000005c   Code   RO        21469    .text               BUILD/NUCLEO_F103RB/ARMC6/mbed-os/platform/source/TARGET_CORTEX_M/TOOLCHAIN_ARM/except.o
    0x08000240   0x00000024   Code   RO        25492    .text               BUILD/NUCLEO_F103RB/ARMC6/mbed-os/targets/TARGET_STM/TARGET_STM32F1/TARGET_STM32F103xB/TOOLCHAIN_ARM/startup_stm32f103xb.o
    0x08000264   0x00000020   Code   RO        26153    .text               c:\ProgramData\Mbed Studio\mbed-studio-tools\ac6\bin\..\lib\armlib\mc_w.l(initio_oe.o)
    0x08000284   0x00000028   Code   RO        26163    .text               c:\ProgramData\Mbed Studio\mbed-studio-tools\ac6\bin\..\lib\armlib\mc_w.l(fputc_fp.o)
    0x080002ac   0x00000062   Code   RO        26187    .text               c:\ProgramData\Mbed Studio\mbed-studio-tools\ac6\bin\..\lib\armlib\mc_w.l(uldiv.o)
    0x0800030e   0x00000040   Code   RO        26228    .text               c:\ProgramData\Mbed Studio\mbed-studio-tools\ac6\bin\..\lib\armlib\mc_w.l(memmovea.o)
    0x0800034e   0x00000024   Code   RO        26232    .text               c:\ProgramData\Mbed Studio\mbed-studio-tools\ac6\bin\..\lib\armlib\mc_w.l(memseta.o)
    0x08000372   0x0000000e   Code   RO        26242    .text               c:\ProgramData\Mbed Studio\mbed-studio-tools\ac6\bin\..\lib\armlib\mc_w.l(strlen.o)
    0x08000380   0x0000001c   Code   RO        26244    .text               c:\ProgramData\Mbed Studio\mbed-studio-tools\ac6\bin\..\lib\armlib\mc_w.l(strcmp.o)
    0x0800039c   0x0000001a   Code   RO        26248    .text               c:\ProgramData\Mbed Studio\mbed-studio-tools\ac6\bin\..\lib\armlib\mc_w.l(memcmp.o)
    0x080003b6   0x0000001c   Code   RO        26260    .text               c:\ProgramData\Mbed Studio\mbed-studio-tools\ac6\bin\..\lib\armlib\mc_w.l(strspn.o)
    0x080003d2   0x00000002   PAD
    0x080003d4   0x00000020   Code   RO        26329    .text               c:\ProgramData\Mbed Studio\mbed-studio-tools\ac6\bin\..\lib\armlib\mc_w.l(cpp_init.o)
    0x080003f4   0x000000b0   Code   RO        26331    .text               c:\ProgramData\Mbed Studio\mbed-studio-tools\ac6\bin\..\lib\armlib\mf_w.l(fadd.o)
    0x080004a4   0x00000064   Code   RO        26333    .text               c:\ProgramData\Mbed Studio\mbed-studio-tools\ac6\bin\..\lib\armlib\mf_w.l(fmul.o)
    0x08000508   0x0000007c   Code   RO        26335    .text               c:\ProgramData\Mbed Studio\mbed-studio-tools\ac6\bin\..\lib\armlib\mf_w.l(fdiv.o)
    0x08000584   0x0000014e   Code   RO        26337    .text               c:\ProgramData\Mbed Studio\mbed-studio-tools\ac6\bin\..\lib\armlib\mf_w.l(dadd.o)
    0x080006d2   0x0000001c   Code   RO        26343    .text               c:\ProgramData\Mbed Studio\mbed-studio-tools\ac6\bin\..\lib\armlib\mf_w.l(fcmple.o)
    0x080006ee   0x0000001c   Code   RO        26345    .text               c:\ProgramData\Mbed Studio\mbed-studio-tools\ac6\bin\..\lib\armlib\mf_w.l(fcmplt.o)
    0x0800070a   0x0000001c   Code   RO        26347    .text               c:\ProgramData\Mbed Studio\mbed-studio-tools\ac6\bin\..\lib\armlib\mf_w.l(fcmpgt.o)
    0x08000726   0x00000012   Code   RO        26355    .text               c:\ProgramData\Mbed Studio\mbed-studio-tools\ac6\bin\..\lib\armlib\mf_w.l(fflti.o)
    0x08000738   0x0000000a   Code   RO        26357    .text               c:\ProgramData\Mbed Studio\mbed-studio-tools\ac6\bin\..\lib\armlib\mf_w.l(ffltui.o)
    0x08000742   0x00000032   Code   RO        26365    .text               c:\ProgramData\Mbed Studio\mbed-studio-tools\ac6\bin\..\lib\armlib\mf_w.l(ffixi.o)
    0x08000774   0x00000032   Code   RO        26369    .text               c:\ProgramData\Mbed Studio\mbed-studio-tools\ac6\bin\..\lib\armlib\mf_w.l(dfixui.o)
    0x080007a6   0x00000026   Code   RO        26371    .text               c:\ProgramData\Mbed Studio\mbed-studio-tools\ac6\bin\..\lib\armlib\mf_w.l(f2d.o)
    0x080007cc   0x0000001e   Code   RO        26417    .text               c:\ProgramData\Mbed Studio\mbed-studio-tools\ac6\bin\..\lib\armlib\mc_w.l(llshl.o)
    0x080007ea   0x00000020   Code   RO        26419    .text               c:\ProgramData\Mbed Studio\mbed-studio-tools\ac6\bin\..\lib\armlib\mc_w.l(llushr.o)
    0x0800080a   0x00000024   Code   RO        26421    .text               c:\ProgramData\Mbed Studio\mbed-studio-tools\ac6\bin\..\lib\armlib\mc_w.l(llsshr.o)
    0x0800082e   0x00000000   Code   RO        26449    .text               c:\ProgramData\Mbed Studio\mbed-studio-tools\ac6\bin\..\lib\armlib\mc_w.l(iusefp.o)
    0x0800082e   0x0000006e   Code   RO        26456    .text               c:\ProgramData\Mbed Studio\mbed-studio-tools\ac6\bin\..\lib\armlib\mf_w.l(fepilogue.o)
    0x0800089c   0x0000003c   Code   RO        26458    .text               c:\ProgramData\Mbed Studio\mbed-studio-tools\ac6\bin\..\lib\armlib\mf_w.l(frnd.o)
    0x080008d8   0x000000ba   Code   RO        26460    .text               c:\ProgramData\Mbed Studio\mbed-studio-tools\ac6\bin\..\lib\armlib\mf_w.l(depilogue.o)
    0x08000992   0x00000002   PAD
    0x08000994   0x00000024   Code   RO        26472    .text               c:\ProgramData\Mbed Studio\mbed-studio-tools\ac6\bin\..\lib\armlib\mc_w.l(init.o)
    0x080009b8   0x0000001c   Code   RO        22004    .text.$Sub$$__2vfprintf  BUILD/NUCLEO_F103RB/ARMC6/mbed-os/platform/source/minimal-printf/mbed_printf_armlink_overrides.o
    0x080009d4   0x00000002   Code   RO          635    .text.$Sub$$__cpp_initialize__aeabi_  BUILD/NUCLEO_F103RB/ARMC6/mbed-os/cmsis/device/rtos/TOOLCHAIN_ARM_STD/mbed_boot_arm_std.o
    0x080009d6   0x00000004   Code   RO        22048    .text.$Sub$$_printf_int_dec  BUILD/NUCLEO_F103RB/ARMC6/mbed-os/platform/source/minimal-printf/mbed_printf_armlink_overrides.o
    0x080009da   0x00000004   Code   RO        22094    .text.$Sub$$_printf_percent  BUILD/NUCLEO_F103RB/ARMC6/mbed-os/platform/source/minimal-printf/mbed_printf_armlink_overrides.o
    0x080009de   0x00000004   Code   RO        22110    .text.$Sub$$_printf_u  BUILD/NUCLEO_F103RB/ARMC6/mbed-os/platform/source/minimal-printf/mbed_printf_armlink_overrides.o
    0x080009e2   0x00000014   Code   RO        22140    .text.$Sub$$vsnprintf  BUILD/NUCLEO_F103RB/ARMC6/mbed-os/platform/source/minimal-printf/mbed_printf_wrapper.o
    0x080009f6   0x00000004   Code   RO        25632    .text.CAN1_SCE_IRQHandler  BUILD/NUCLEO_F103RB/ARMC6/mbed-os/targets/TARGET_STM/can_api.o
    0x080009fa   0x0000000e   Code   RO          678    .text.EvrRtxKernelError  BUILD/NUCLEO_F103RB/ARMC6/mbed-os/cmsis/device/rtos/source/mbed_rtx_handlers.o
    0x08000a08   0x0000000c   Code   RO          694    .text.EvrRtxMessageQueueError  BUILD/NUCLEO_F103RB/ARMC6/mbed-os/cmsis/device/rtos/source/mbed_rtx_handlers.o
    0x08000a14   0x0000000c   Code   RO          688    .text.EvrRtxMutexError  BUILD/NUCLEO_F103RB/ARMC6/mbed-os/cmsis/device/rtos/source/mbed_rtx_handlers.o
    0x08000a20   0x00000014   Code   RO          690    .text.EvrRtxSemaphoreError  BUILD/NUCLEO_F103RB/ARMC6/mbed-os/cmsis/device/rtos/source/mbed_rtx_handlers.o
    0x08000a34   0x0000000c   Code   RO          682    .text.EvrRtxThreadError  BUILD/NUCLEO_F103RB/ARMC6/mbed-os/cmsis/device/rtos/source/mbed_rtx_handlers.o
    0x08000a40   0x0000001a   Code   RO          696    .text.EvrRtxThreadExit  BUILD/NUCLEO_F103RB/ARMC6/mbed-os/cmsis/device/rtos/source/mbed_rtx_handlers.o
    0x08000a5a   0x00000010   Code   RO          698    .text.EvrRtxThreadTerminate  BUILD/NUCLEO_F103RB/ARMC6/mbed-os/cmsis/device/rtos/source/mbed_rtx_handlers.o
    0x08000a6a   0x00000076   Code   RO        25689    .text.HAL_GetTick   BUILD/NUCLEO_F103RB/ARMC6/mbed-os/targets/TARGET_STM/hal_tick_overrides.o
    0x08000ae0   0x00000026   Code   RO        23782    .text.HAL_Init      BUILD/NUCLEO_F103RB/ARMC6/mbed-os/targets/TARGET_STM/TARGET_STM32F1/STM32Cube_FW/STM32F1xx_HAL_Driver/stm32f1xx_hal.o
    0x08000b06   0x0000000a   Code   RO        25687    .text.HAL_InitTick  BUILD/NUCLEO_F103RB/ARMC6/mbed-os/targets/TARGET_STM/hal_tick_overrides.o
    0x08000b10   0x00000020   Code   RO        23923    .text.HAL_NVIC_SetPriorityGrouping  BUILD/NUCLEO_F103RB/ARMC6/mbed-os/targets/TARGET_STM/TARGET_STM32F1/STM32Cube_FW/STM32F1xx_HAL_Driver/stm32f1xx_hal_cortex.o
    0x08000b30   0x0000001e   Code   RO        24407    .text.HAL_PWR_EnterSLEEPMode  BUILD/NUCLEO_F103RB/ARMC6/mbed-os/targets/TARGET_STM/TARGET_STM32F1/STM32Cube_FW/STM32F1xx_HAL_Driver/stm32f1xx_hal_pwr.o
    0x08000b4e   0x00000048   Code   RO        24409    .text.HAL_PWR_EnterSTOPMode  BUILD/NUCLEO_F103RB/ARMC6/mbed-os/targets/TARGET_STM/TARGET_STM32F1/STM32Cube_FW/STM32F1xx_HAL_Driver/stm32f1xx_hal_pwr.o
    0x08000b96   0x00000002   PAD
    0x08000b98   0x00000166   Code   RO        24433    .text.HAL_RCC_ClockConfig  BUILD/NUCLEO_F103RB/ARMC6/mbed-os/targets/TARGET_STM/TARGET_STM32F1/STM32Cube_FW/STM32F1xx_HAL_Driver/stm32f1xx_hal_rcc.o
    0x08000cfe   0x00000042   Code   RO        24451    .text.HAL_RCC_GetClockConfig  BUILD/NUCLEO_F103RB/ARMC6/mbed-os/targets/TARGET_STM/TARGET_STM32F1/STM32Cube_FW/STM32F1xx_HAL_Driver/stm32f1xx_hal_rcc.o
    0x08000d40   0x0000007c   Code   RO        24449    .text.HAL_RCC_GetOscConfig  BUILD/NUCLEO_F103RB/ARMC6/mbed-os/targets/TARGET_STM/TARGET_STM32F1/STM32Cube_FW/STM32F1xx_HAL_Driver/stm32f1xx_hal_rcc.o
    0x08000dbc   0x00000026   Code   RO        24445    .text.HAL_RCC_GetPCLK1Freq  BUILD/NUCLEO_F103RB/ARMC6/mbed-os/targets/TARGET_STM/TARGET_STM32F1/STM32Cube_FW/STM32F1xx_HAL_Driver/stm32f1xx_hal_rcc.o
    0x08000de2   0x00000026   Code   RO        24447    .text.HAL_RCC_GetPCLK2Freq  BUILD/NUCLEO_F103RB/ARMC6/mbed-os/targets/TARGET_STM/TARGET_STM32F1/STM32Cube_FW/STM32F1xx_HAL_Driver/stm32f1xx_hal_rcc.o
    0x08000e08   0x00000060   Code   RO        24435    .text.HAL_RCC_GetSysClockFreq  BUILD/NUCLEO_F103RB/ARMC6/mbed-os/targets/TARGET_STM/TARGET_STM32F1/STM32Cube_FW/STM32F1xx_HAL_Driver/stm32f1xx_hal_rcc.o
    0x08000e68   0x00000360   Code   RO        24431    .text.HAL_RCC_OscConfig  BUILD/NUCLEO_F103RB/ARMC6/mbed-os/targets/TARGET_STM/TARGET_STM32F1/STM32Cube_FW/STM32F1xx_HAL_Driver/stm32f1xx_hal_rcc.o
    0x080011c8   0x00000038   Code   RO        24989    .text.HAL_TIMEx_PWMN_Start  BUILD/NUCLEO_F103RB/ARMC6/mbed-os/targets/TARGET_STM/TARGET_STM32F1/STM32Cube_FW/STM32F1xx_HAL_Driver/stm32f1xx_hal_tim_ex.o
    0x08001200   0x00000034   Code   RO        24739    .text.HAL_TIM_Base_Init  BUILD/NUCLEO_F103RB/ARMC6/mbed-os/targets/TARGET_STM/TARGET_STM32F1/STM32Cube_FW/STM32F1xx_HAL_Driver/stm32f1xx_hal_tim.o
    0x08001234   0x00000026   Code   RO        24749    .text.HAL_TIM_Base_Start  BUILD/NUCLEO_F103RB/ARMC6/mbed-os/targets/TARGET_STM/TARGET_STM32F1/STM32Cube_FW/STM32F1xx_HAL_Driver/stm32f1xx_hal_tim.o
    0x0800125a   0x00000042   Code   RO        24775    .text.HAL_TIM_OC_Start  BUILD/NUCLEO_F103RB/ARMC6/mbed-os/targets/TARGET_STM/TARGET_STM32F1/STM32Cube_FW/STM32F1xx_HAL_Driver/stm32f1xx_hal_tim.o
    0x0800129c   0x000000a0   Code   RO        24899    .text.HAL_TIM_PWM_ConfigChannel  BUILD/NUCLEO_F103RB/ARMC6/mbed-os/targets/TARGET_STM/TARGET_STM32F1/STM32Cube_FW/STM32F1xx_HAL_Driver/stm32f1xx_hal_tim.o
    0x0800133c   0x00000034   Code   RO        24793    .text.HAL_TIM_PWM_Init  BUILD/NUCLEO_F103RB/ARMC6/mbed-os/targets/TARGET_STM/TARGET_STM32F1/STM32Cube_FW/STM32F1xx_HAL_Driver/stm32f1xx_hal_tim.o
    0x08001370   0x00000042   Code   RO        24801    .text.HAL_TIM_PWM_Start  BUILD/NUCLEO_F103RB/ARMC6/mbed-os/targets/TARGET_STM/TARGET_STM32F1/STM32Cube_FW/STM32F1xx_HAL_Driver/stm32f1xx_hal_tim.o
    0x080013b2   0x0000005c   Code   RO        25035    .text.HAL_UART_Init  BUILD/NUCLEO_F103RB/ARMC6/mbed-os/targets/TARGET_STM/TARGET_STM32F1/STM32Cube_FW/STM32F1xx_HAL_Driver/stm32f1xx_hal_uart.o
    0x0800140e   0x00000002   PAD
    0x08001410   0x00000042   Code   RO          380    .text.MessageQueueGet  BUILD/NUCLEO_F103RB/ARMC6/mbed-os/cmsis/CMSIS_5/CMSIS/RTOS2/RTX/Source/rtx_msgqueue.o
    0x08001452   0x00000002   PAD
    0x08001454   0x00000060   Code   RO          374    .text.MessageQueuePut  BUILD/NUCLEO_F103RB/ARMC6/mbed-os/cmsis/CMSIS_5/CMSIS/RTOS2/RTX/Source/rtx_msgqueue.o
    0x080014b4   0x0000000c   Code   RO          616    .text.OS_Tick_AcknowledgeIRQ  BUILD/NUCLEO_F103RB/ARMC6/mbed-os/cmsis/CMSIS_5/CMSIS/RTOS2/Source/os_systick.o
    0x080014c0   0x00000032   Code   RO          612    .text.OS_Tick_Enable  BUILD/NUCLEO_F103RB/ARMC6/mbed-os/cmsis/CMSIS_5/CMSIS/RTOS2/Source/os_systick.o
    0x080014f2   0x00000048   Code   RO          610    .text.OS_Tick_Setup  BUILD/NUCLEO_F103RB/ARMC6/mbed-os/cmsis/CMSIS_5/CMSIS/RTOS2/Source/os_systick.o
    0x0800153a   0x00000002   PAD
    0x0800153c   0x00000034   Code   RO        25495    .text.SetSysClock   BUILD/NUCLEO_F103RB/ARMC6/mbed-os/targets/TARGET_STM/TARGET_STM32F1/TARGET_STM32F103xB/system_clock.o
    0x08001570   0x00000064   Code   RO        25497    .text.SetSysClock_PLL_HSE  BUILD/NUCLEO_F103RB/ARMC6/mbed-os/targets/TARGET_STM/TARGET_STM32F1/TARGET_STM32F103xB/system_clock.o
    0x080015d4   0x0000004c   Code   RO        25499    .text.SetSysClock_PLL_HSI  BUILD/NUCLEO_F103RB/ARMC6/mbed-os/targets/TARGET_STM/TARGET_STM32F1/TARGET_STM32F103xB/system_clock.o
    0x08001620   0x00000104   Code   RO        25645    .text.Set_GPIO_Clock  BUILD/NUCLEO_F103RB/ARMC6/mbed-os/targets/TARGET_STM/gpio_api.o
    0x08001724   0x0000005c   Code   RO        25468    .text.SystemCoreClockUpdate  BUILD/NUCLEO_F103RB/ARMC6/mbed-os/targets/TARGET_STM/TARGET_STM32F1/STM32Cube_FW/system_stm32f1xx.o
    0x08001780   0x00000054   Code   RO        25466    .text.SystemInit    BUILD/NUCLEO_F103RB/ARMC6/mbed-os/targets/TARGET_STM/TARGET_STM32F1/STM32Cube_FW/system_stm32f1xx.o
    0x080017d4   0x0000008a   Code   RO        24743    .text.TIM_Base_SetConfig  BUILD/NUCLEO_F103RB/ARMC6/mbed-os/targets/TARGET_STM/TARGET_STM32F1/STM32Cube_FW/STM32F1xx_HAL_Driver/stm32f1xx_hal_tim.o
    0x0800185e   0x00000002   PAD
    0x08001860   0x00000044   Code   RO        25816    .text.TIM_ChannelConvert_HAL2LL  BUILD/NUCLEO_F103RB/ARMC6/mbed-os/targets/TARGET_STM/pwmout_api.o
    0x080018a4   0x0000005c   Code   RO        24887    .text.TIM_OC1_SetConfig  BUILD/NUCLEO_F103RB/ARMC6/mbed-os/targets/TARGET_STM/TARGET_STM32F1/STM32Cube_FW/STM32F1xx_HAL_Driver/stm32f1xx_hal_tim.o
    0x08001900   0x00000062   Code   RO        24889    .text.TIM_OC2_SetConfig  BUILD/NUCLEO_F103RB/ARMC6/mbed-os/targets/TARGET_STM/TARGET_STM32F1/STM32Cube_FW/STM32F1xx_HAL_Driver/stm32f1xx_hal_tim.o
    0x08001962   0x00000062   Code   RO        24891    .text.TIM_OC3_SetConfig  BUILD/NUCLEO_F103RB/ARMC6/mbed-os/targets/TARGET_STM/TARGET_STM32F1/STM32Cube_FW/STM32F1xx_HAL_Driver/stm32f1xx_hal_tim.o
    0x080019c4   0x0000004c   Code   RO        24893    .text.TIM_OC4_SetConfig  BUILD/NUCLEO_F103RB/ARMC6/mbed-os/targets/TARGET_STM/TARGET_STM32F1/STM32Cube_FW/STM32F1xx_HAL_Driver/stm32f1xx_hal_tim.o
    0x08001a10   0x00000072   Code   RO          534    .text.ThreadFlagsCheck  BUILD/NUCLEO_F103RB/ARMC6/mbed-os/cmsis/CMSIS_5/CMSIS/RTOS2/RTX/Source/rtx_thread.o
    0x08001a82   0x00000002   PAD
    0x08001a84   0x00000056   Code   RO          594    .text.TimerInsert   BUILD/NUCLEO_F103RB/ARMC6/mbed-os/cmsis/CMSIS_5/CMSIS/RTOS2/RTX/Source/rtx_timer.o
    0x08001ada   0x0000008e   Code   RO        25039    .text.UART_SetConfig  BUILD/NUCLEO_F103RB/ARMC6/mbed-os/targets/TARGET_STM/TARGET_STM32F1/STM32Cube_FW/STM32F1xx_HAL_Driver/stm32f1xx_hal_uart.o
    0x08001b68   0x00000004   Code   RO        25630    .text.USB_HP_CAN1_TX_IRQHandler  BUILD/NUCLEO_F103RB/ARMC6/mbed-os/targets/TARGET_STM/can_api.o
    0x08001b6c   0x00000004   Code   RO        25626    .text.USB_LP_CAN1_RX0_IRQHandler  BUILD/NUCLEO_F103RB/ARMC6/mbed-os/targets/TARGET_STM/can_api.o
    0x08001b70   0x00000060   Code   RO           66    .text._GLOBAL__sub_I_main.cpp  BUILD/NUCLEO_F103RB/ARMC6/main.o
    0x08001bd0   0x00000032   Code   RO           60    .text._Z14diurnal_motionssc  BUILD/NUCLEO_F103RB/ARMC6/main.o
    0x08001c02   0x00000064   Code   RO           64    .text._Z19send_data_to_motorsPc  BUILD/NUCLEO_F103RB/ARMC6/main.o
    0x08001c66   0x00000002   PAD
    0x08001c68   0x00000062   Code   RO           58    .text._ZL14data_procesingv  BUILD/NUCLEO_F103RB/ARMC6/main.o
    0x08001cca   0x0000001a   Code   RO          708    .text._ZL17default_idle_hookv  BUILD/NUCLEO_F103RB/ARMC6/mbed-os/cmsis/device/rtos/source/mbed_rtx_idle.o
    0x08001ce4   0x00000052   Code   RO        21767    .text._ZL18reserve_filehandlev  BUILD/NUCLEO_F103RB/ARMC6/mbed-os/platform/source/mbed_retarget.o
    0x08001d36   0x00000010   Code   RO        21166    .text._ZN10CThunkBase11cthunk_freeEPFvvE  BUILD/NUCLEO_F103RB/ARMC6/mbed-os/platform/source/CThunkBase.o
    0x08001d46   0x0000001c   Code   RO        21751    .text._ZN12DirectSerial4readEPvj  BUILD/NUCLEO_F103RB/ARMC6/mbed-os/platform/source/mbed_retarget.o
    0x08001d62   0x00000006   Code   RO        21924    .text._ZN12DirectSerial4seekEli  BUILD/NUCLEO_F103RB/ARMC6/mbed-os/platform/source/mbed_retarget.o
    0x08001d68   0x00000006   Code   RO        21930    .text._ZN12DirectSerial4sizeEv  BUILD/NUCLEO_F103RB/ARMC6/mbed-os/platform/source/mbed_retarget.o
    0x08001d6e   0x00000004   Code   RO        21926    .text._ZN12DirectSerial5closeEv  BUILD/NUCLEO_F103RB/ARMC6/mbed-os/platform/source/mbed_retarget.o
    0x08001d72   0x00000002   PAD
    0x08001d74   0x00000028   Code   RO        21749    .text._ZN12DirectSerial5writeEPKvj  BUILD/NUCLEO_F103RB/ARMC6/mbed-os/platform/source/mbed_retarget.o
    0x08001d9c   0x00000004   Code   RO        21928    .text._ZN12DirectSerial6isattyEv  BUILD/NUCLEO_F103RB/ARMC6/mbed-os/platform/source/mbed_retarget.o
    0x08001da0   0x0000003a   Code   RO        21747    .text._ZN12DirectSerialC2ERK15serial_pinmap_ti  BUILD/NUCLEO_F103RB/ARMC6/mbed-os/platform/source/mbed_retarget.o
    0x08001dda   0x00000004   Code   RO        21922    .text._ZN12DirectSerialD0Ev  BUILD/NUCLEO_F103RB/ARMC6/mbed-os/platform/source/mbed_retarget.o
    0x08001dde   0x0000002c   Code   RO           52    .text._ZN12StrangeServo11SetPositionEt  BUILD/NUCLEO_F103RB/ARMC6/StrangeServo.o
    0x08001e0a   0x0000003e   Code   RO           48    .text._ZN12StrangeServo4InitERK11ServoConfig  BUILD/NUCLEO_F103RB/ARMC6/StrangeServo.o
    0x08001e48   0x00000060   Code   RO           50    .text._ZN12StrangeServo8dur_calcEs  BUILD/NUCLEO_F103RB/ARMC6/StrangeServo.o
    0x08001ea8   0x00000004   Code   RO           46    .text._ZN12StrangeServoC2E7PinName  BUILD/NUCLEO_F103RB/ARMC6/StrangeServo.o
    0x08001eac   0x00000066   Code   RO           42    .text._ZN14StepperMotorBP5WaveBEv  BUILD/NUCLEO_F103RB/ARMC6/StepperMotorMbed.o
    0x08001f12   0x00000002   PAD
    0x08001f14   0x00000066   Code   RO           36    .text._ZN14StepperMotorBP5WaveFEv  BUILD/NUCLEO_F103RB/ARMC6/StepperMotorMbed.o
    0x08001f7a   0x00000026   Code   RO           30    .text._ZN14StepperMotorBP8ControlBEc  BUILD/NUCLEO_F103RB/ARMC6/StepperMotorMbed.o
    0x08001fa0   0x00000026   Code   RO           28    .text._ZN14StepperMotorBP8ControlFEc  BUILD/NUCLEO_F103RB/ARMC6/StepperMotorMbed.o
    0x08001fc6   0x00000002   PAD
    0x08001fc8   0x00000062   Code   RO           38    .text._ZN14StepperMotorBP9FullStepBEv  BUILD/NUCLEO_F103RB/ARMC6/StepperMotorMbed.o
    0x0800202a   0x00000002   PAD
    0x0800202c   0x00000062   Code   RO           32    .text._ZN14StepperMotorBP9FullStepFEv  BUILD/NUCLEO_F103RB/ARMC6/StepperMotorMbed.o
    0x0800208e   0x00000002   PAD
    0x08002090   0x00000086   Code   RO           40    .text._ZN14StepperMotorBP9HalfStepBEv  BUILD/NUCLEO_F103RB/ARMC6/StepperMotorMbed.o
    0x08002116   0x00000002   PAD
    0x08002118   0x00000086   Code   RO           34    .text._ZN14StepperMotorBP9HalfStepFEv  BUILD/NUCLEO_F103RB/ARMC6/StepperMotorMbed.o
    0x0800219e   0x00000034   Code   RO           26    .text._ZN14StepperMotorBP9RunningBPEscc  BUILD/NUCLEO_F103RB/ARMC6/StepperMotorMbed.o
    0x080021d2   0x00000080   Code   RO           24    .text._ZN14StepperMotorBPC2E7PinNameS0_S0_S0_  BUILD/NUCLEO_F103RB/ARMC6/StepperMotorMbed.o
    0x08002252   0x00000006   Code   RO        19907    .text._ZN4mbed10FileHandle12enable_inputEb  BUILD/NUCLEO_F103RB/ARMC6/mbed-os/drivers/usb/source/USBKeyboard.o
    0x08002258   0x0000000c   Code   RO        19211    .text._ZN4mbed10FileHandle12set_blockingEb  BUILD/NUCLEO_F103RB/ARMC6/mbed-os/drivers/source/UnbufferedSerial.o
    0x08002264   0x00000006   Code   RO        19909    .text._ZN4mbed10FileHandle13enable_outputEb  BUILD/NUCLEO_F103RB/ARMC6/mbed-os/drivers/usb/source/USBKeyboard.o
    0x0800226a   0x00000004   Code   RO        19205    .text._ZN4mbed10FileHandle4syncEv  BUILD/NUCLEO_F103RB/ARMC6/mbed-os/drivers/source/UnbufferedSerial.o
    0x0800226e   0x0000000a   Code   RO        18528    .text._ZN4mbed10FileHandle4tellEv  BUILD/NUCLEO_F103RB/ARMC6/mbed-os/drivers/source/BufferedSerial.o
    0x08002278   0x00000002   Code   RO        19215    .text._ZN4mbed10FileHandle5sigioENS_8CallbackIFvvEEE  BUILD/NUCLEO_F103RB/ARMC6/mbed-os/drivers/source/UnbufferedSerial.o
    0x0800227a   0x0000000a   Code   RO        18530    .text._ZN4mbed10FileHandle6rewindEv  BUILD/NUCLEO_F103RB/ARMC6/mbed-os/drivers/source/BufferedSerial.o
    0x08002284   0x00000006   Code   RO        18532    .text._ZN4mbed10FileHandle8truncateEl  BUILD/NUCLEO_F103RB/ARMC6/mbed-os/drivers/source/BufferedSerial.o
    0x0800228a   0x00000002   Code   RO        21236    .text._ZN4mbed10FileHandleD2Ev  BUILD/NUCLEO_F103RB/ARMC6/mbed-os/platform/source/FileHandle.o
    0x0800228c   0x00000006   Code   RO        19013    .text._ZN4mbed10SerialBase10_base_getcEv  BUILD/NUCLEO_F103RB/ARMC6/mbed-os/drivers/source/SerialBase.o
    0x08002292   0x0000000e   Code   RO        19015    .text._ZN4mbed10SerialBase10_base_putcEi  BUILD/NUCLEO_F103RB/ARMC6/mbed-os/drivers/source/SerialBase.o
    0x080022a0   0x00000010   Code   RO        19011    .text._ZN4mbed10SerialBase12_irq_handlerEj9SerialIrq  BUILD/NUCLEO_F103RB/ARMC6/mbed-os/drivers/source/SerialBase.o
    0x080022b0   0x00000096   Code   RO        19019    .text._ZN4mbed10SerialBase12enable_inputEb  BUILD/NUCLEO_F103RB/ARMC6/mbed-os/drivers/source/SerialBase.o
    0x08002346   0x00000096   Code   RO        19021    .text._ZN4mbed10SerialBase13enable_outputEb  BUILD/NUCLEO_F103RB/ARMC6/mbed-os/drivers/source/SerialBase.o
    0x080023dc   0x00000002   Code   RO        19029    .text._ZN4mbed10SerialBase4lockEv  BUILD/NUCLEO_F103RB/ARMC6/mbed-os/drivers/source/SerialBase.o
    0x080023de   0x0000005a   Code   RO        18995    .text._ZN4mbed10SerialBase5_initEv  BUILD/NUCLEO_F103RB/ARMC6/mbed-os/drivers/source/SerialBase.o
    0x08002438   0x0000009a   Code   RO        19009    .text._ZN4mbed10SerialBase6attachENS_8CallbackIFvvEEENS0_7IrqTypeE  BUILD/NUCLEO_F103RB/ARMC6/mbed-os/drivers/source/SerialBase.o
    0x080024d2   0x00000002   Code   RO        19031    .text._ZN4mbed10SerialBase6unlockEv  BUILD/NUCLEO_F103RB/ARMC6/mbed-os/drivers/source/SerialBase.o
    0x080024d4   0x00000024   Code   RO        19005    .text._ZN4mbed10SerialBase8readableEv  BUILD/NUCLEO_F103RB/ARMC6/mbed-os/drivers/source/SerialBase.o
    0x080024f8   0x00000024   Code   RO        19007    .text._ZN4mbed10SerialBase9writeableEv  BUILD/NUCLEO_F103RB/ARMC6/mbed-os/drivers/source/SerialBase.o
    0x0800251c   0x000000b2   Code   RO        18993    .text._ZN4mbed10SerialBaseC2E7PinNameS1_i  BUILD/NUCLEO_F103RB/ARMC6/mbed-os/drivers/source/SerialBase.o
    0x080025ce   0x0000000e   Code   RO        19035    .text._ZN4mbed10SerialBaseD0Ev  BUILD/NUCLEO_F103RB/ARMC6/mbed-os/drivers/source/SerialBase.o
    0x080025dc   0x00000052   Code   RO        19033    .text._ZN4mbed10SerialBaseD2Ev  BUILD/NUCLEO_F103RB/ARMC6/mbed-os/drivers/source/SerialBase.o
    0x0800262e   0x0000000a   Code   RO        19173    .text._ZN4mbed16UnbufferedSerial12enable_inputEb  BUILD/NUCLEO_F103RB/ARMC6/mbed-os/drivers/source/UnbufferedSerial.o
    0x08002638   0x0000000a   Code   RO        19177    .text._ZN4mbed16UnbufferedSerial13enable_outputEb  BUILD/NUCLEO_F103RB/ARMC6/mbed-os/drivers/source/UnbufferedSerial.o
    0x08002642   0x00000028   Code   RO        19165    .text._ZN4mbed16UnbufferedSerial4readEPvj  BUILD/NUCLEO_F103RB/ARMC6/mbed-os/drivers/source/UnbufferedSerial.o
    0x0800266a   0x00000006   Code   RO        19189    .text._ZN4mbed16UnbufferedSerial4seekEli  BUILD/NUCLEO_F103RB/ARMC6/mbed-os/drivers/source/UnbufferedSerial.o
    0x08002670   0x00000006   Code   RO        19191    .text._ZN4mbed16UnbufferedSerial4sizeEv  BUILD/NUCLEO_F103RB/ARMC6/mbed-os/drivers/source/UnbufferedSerial.o
    0x08002676   0x00000004   Code   RO        19195    .text._ZN4mbed16UnbufferedSerial5closeEv  BUILD/NUCLEO_F103RB/ARMC6/mbed-os/drivers/source/UnbufferedSerial.o
    0x0800267a   0x00000002   PAD
    0x0800267c   0x00000042   Code   RO        19161    .text._ZN4mbed16UnbufferedSerial5writeEPKvj  BUILD/NUCLEO_F103RB/ARMC6/mbed-os/drivers/source/UnbufferedSerial.o
    0x080026be   0x00000004   Code   RO        19193    .text._ZN4mbed16UnbufferedSerial6isattyEv  BUILD/NUCLEO_F103RB/ARMC6/mbed-os/drivers/source/UnbufferedSerial.o
    0x080026c2   0x0000001c   Code   RO        19157    .text._ZN4mbed16UnbufferedSerialC2E7PinNameS1_i  BUILD/NUCLEO_F103RB/ARMC6/mbed-os/drivers/source/UnbufferedSerial.o
    0x080026de   0x0000000e   Code   RO        19187    .text._ZN4mbed16UnbufferedSerialD0Ev  BUILD/NUCLEO_F103RB/ARMC6/mbed-os/drivers/source/UnbufferedSerial.o
    0x080026ec   0x00000004   Code   RO        19185    .text._ZN4mbed16UnbufferedSerialD2Ev  BUILD/NUCLEO_F103RB/ARMC6/mbed-os/drivers/source/UnbufferedSerial.o
    0x080026f0   0x0000008e   Code   RO        21763    .text._ZN4mbed16mbed_file_handleEi  BUILD/NUCLEO_F103RB/ARMC6/mbed-os/platform/source/mbed_retarget.o
    0x0800277e   0x0000001a   Code   RO        18870    .text._ZN4mbed6PwmOut13pulsewidth_usEi  BUILD/NUCLEO_F103RB/ARMC6/mbed-os/drivers/source/PwmOut.o
    0x08002798   0x0000002e   Code   RO        18846    .text._ZN4mbed6PwmOut4initEv  BUILD/NUCLEO_F103RB/ARMC6/mbed-os/drivers/source/PwmOut.o
    0x080027c6   0x0000001a   Code   RO        18862    .text._ZN4mbed6PwmOut9period_usEi  BUILD/NUCLEO_F103RB/ARMC6/mbed-os/drivers/source/PwmOut.o
    0x080027e0   0x0000001c   Code   RO        18844    .text._ZN4mbed6PwmOutC2E7PinName  BUILD/NUCLEO_F103RB/ARMC6/mbed-os/drivers/source/PwmOut.o
    0x080027fc   0x00000004   Code   RO           83    .text._ZN4mbed8CallbackIFvvEE11target_callIPS1_EEvPKNS_6detail12CallbackBaseE  BUILD/NUCLEO_F103RB/ARMC6/main.o
    0x08002800   0x000000a4   Code   RO        21220    .text._ZN4mbed8FileBase6lookupEPKcj  BUILD/NUCLEO_F103RB/ARMC6/mbed-os/platform/source/FileBase.o
    0x080028a4   0x0000001e   Code   RO        21249    .text._ZN4mbed8FilePath10fileSystemEv  BUILD/NUCLEO_F103RB/ARMC6/mbed-os/platform/source/FilePath.o
    0x080028c2   0x0000001c   Code   RO        21253    .text._ZN4mbed8FilePath4fileEv  BUILD/NUCLEO_F103RB/ARMC6/mbed-os/platform/source/FilePath.o
    0x080028de   0x0000000a   Code   RO        21255    .text._ZN4mbed8FilePath6existsEv  BUILD/NUCLEO_F103RB/ARMC6/mbed-os/platform/source/FilePath.o
    0x080028e8   0x00000016   Code   RO        21251    .text._ZN4mbed8FilePath6isFileEv  BUILD/NUCLEO_F103RB/ARMC6/mbed-os/platform/source/FilePath.o
    0x080028fe   0x00000002   PAD
    0x08002900   0x00000080   Code   RO        21243    .text._ZN4mbed8FilePathC2EPKc  BUILD/NUCLEO_F103RB/ARMC6/mbed-os/platform/source/FilePath.o
    0x08002980   0x00000020   Code   RO        22300    .text._ZN4rtos10ThisThread9sleep_forENSt3__16chrono8durationIjNS1_5ratioILx1ELx1000EEEEE  BUILD/NUCLEO_F103RB/ARMC6/mbed-os/rtos/source/ThisThread.o
    0x080029a0   0x000000a0   Code   RO        22222    .text._ZN4rtos5Mutex11constructorEPKc  BUILD/NUCLEO_F103RB/ARMC6/mbed-os/rtos/source/Mutex.o
    0x08002a40   0x00000040   Code   RO        22226    .text._ZN4rtos5Mutex4lockEv  BUILD/NUCLEO_F103RB/ARMC6/mbed-os/rtos/source/Mutex.o
    0x08002a80   0x00000050   Code   RO        22238    .text._ZN4rtos5Mutex6unlockEv  BUILD/NUCLEO_F103RB/ARMC6/mbed-os/rtos/source/Mutex.o
    0x08002ad0   0x0000000e   Code   RO        22220    .text._ZN4rtos5MutexC2Ev  BUILD/NUCLEO_F103RB/ARMC6/mbed-os/rtos/source/Mutex.o
    0x08002ade   0x0000000e   Code   RO        22242    .text._ZN4rtos5MutexD2Ev  BUILD/NUCLEO_F103RB/ARMC6/mbed-os/rtos/source/Mutex.o
    0x08002aec   0x00000066   Code   RO        22317    .text._ZN4rtos6Thread11constructorE12osPriority_tjPhPKc  BUILD/NUCLEO_F103RB/ARMC6/mbed-os/rtos/source/Thread.o
    0x08002b52   0x00000002   PAD
    0x08002b54   0x000000be   Code   RO        22319    .text._ZN4rtos6Thread5startEN4mbed8CallbackIFvvEEE  BUILD/NUCLEO_F103RB/ARMC6/mbed-os/rtos/source/Thread.o
    0x08002c12   0x00000002   PAD
    0x08002c14   0x00000074   Code   RO        22321    .text._ZN4rtos6Thread6_thunkEPv  BUILD/NUCLEO_F103RB/ARMC6/mbed-os/rtos/source/Thread.o
    0x08002c88   0x00000044   Code   RO        22323    .text._ZN4rtos6Thread9terminateEv  BUILD/NUCLEO_F103RB/ARMC6/mbed-os/rtos/source/Thread.o
    0x08002ccc   0x0000004c   Code   RO           81    .text._ZN4rtos6ThreadC2E12osPriority_tjPhPKc  BUILD/NUCLEO_F103RB/ARMC6/main.o
    0x08002d18   0x0000000e   Code   RO        22349    .text._ZN4rtos6ThreadD0Ev  BUILD/NUCLEO_F103RB/ARMC6/mbed-os/rtos/source/Thread.o
    0x08002d26   0x0000003c   Code   RO        22347    .text._ZN4rtos6ThreadD2Ev  BUILD/NUCLEO_F103RB/ARMC6/mbed-os/rtos/source/Thread.o
    0x08002d62   0x00000002   PAD
    0x08002d64   0x00000064   Code   RO        22249    .text._ZN4rtos9Semaphore11constructorEit  BUILD/NUCLEO_F103RB/ARMC6/mbed-os/rtos/source/Semaphore.o
    0x08002dc8   0x00000006   Code   RO        22265    .text._ZN4rtos9Semaphore7releaseEv  BUILD/NUCLEO_F103RB/ARMC6/mbed-os/rtos/source/Semaphore.o
    0x08002dce   0x00000010   Code   RO        22247    .text._ZN4rtos9SemaphoreC2Ei  BUILD/NUCLEO_F103RB/ARMC6/mbed-os/rtos/source/Semaphore.o
    0x08002dde   0x0000000e   Code   RO        22267    .text._ZN4rtos9SemaphoreD2Ev  BUILD/NUCLEO_F103RB/ARMC6/mbed-os/rtos/source/Semaphore.o
    0x08002dec   0x0000002a   Code   RO        19066    .text._ZN6CThunkIN4mbed10SerialBaseEE10trampolineEP10CThunkBase  BUILD/NUCLEO_F103RB/ARMC6/mbed-os/drivers/source/SerialBase.o
    0x08002e16   0x0000003a   Code   RO        21753    .text._ZNK12DirectSerial4pollEs  BUILD/NUCLEO_F103RB/ARMC6/mbed-os/platform/source/mbed_retarget.o
    0x08002e50   0x00000052   Code   RO        17805    .text._ZNK12SingletonPtrIN4rtos5MutexEE3getEv  BUILD/NUCLEO_F103RB/ARMC6/mbed-os/connectivity/netsocket/source/nsapi_dns.o
    0x08002ea2   0x00000004   Code   RO        19213    .text._ZNK4mbed10FileHandle11is_blockingEv  BUILD/NUCLEO_F103RB/ARMC6/mbed-os/drivers/source/UnbufferedSerial.o
    0x08002ea6   0x00000030   Code   RO        19169    .text._ZNK4mbed16UnbufferedSerial4pollEs  BUILD/NUCLEO_F103RB/ARMC6/mbed-os/drivers/source/UnbufferedSerial.o
    0x08002ed6   0x0000000c   Code   RO        19175    .text._ZThn228_N4mbed16UnbufferedSerial12enable_inputEb  BUILD/NUCLEO_F103RB/ARMC6/mbed-os/drivers/source/UnbufferedSerial.o
    0x08002ee2   0x0000000c   Code   RO        19179    .text._ZThn228_N4mbed16UnbufferedSerial13enable_outputEb  BUILD/NUCLEO_F103RB/ARMC6/mbed-os/drivers/source/UnbufferedSerial.o
    0x08002eee   0x00000006   Code   RO        19167    .text._ZThn228_N4mbed16UnbufferedSerial4readEPvj  BUILD/NUCLEO_F103RB/ARMC6/mbed-os/drivers/source/UnbufferedSerial.o
    0x08002ef4   0x00000006   Code   RO        19201    .text._ZThn228_N4mbed16UnbufferedSerial4seekEli  BUILD/NUCLEO_F103RB/ARMC6/mbed-os/drivers/source/UnbufferedSerial.o
    0x08002efa   0x00000006   Code   RO        19209    .text._ZThn228_N4mbed16UnbufferedSerial4sizeEv  BUILD/NUCLEO_F103RB/ARMC6/mbed-os/drivers/source/UnbufferedSerial.o
    0x08002f00   0x00000004   Code   RO        19203    .text._ZThn228_N4mbed16UnbufferedSerial5closeEv  BUILD/NUCLEO_F103RB/ARMC6/mbed-os/drivers/source/UnbufferedSerial.o
    0x08002f04   0x00000006   Code   RO        19163    .text._ZThn228_N4mbed16UnbufferedSerial5writeEPKvj  BUILD/NUCLEO_F103RB/ARMC6/mbed-os/drivers/source/UnbufferedSerial.o
    0x08002f0a   0x00000004   Code   RO        19207    .text._ZThn228_N4mbed16UnbufferedSerial6isattyEv  BUILD/NUCLEO_F103RB/ARMC6/mbed-os/drivers/source/UnbufferedSerial.o
    0x08002f0e   0x00000010   Code   RO        19199    .text._ZThn228_N4mbed16UnbufferedSerialD0Ev  BUILD/NUCLEO_F103RB/ARMC6/mbed-os/drivers/source/UnbufferedSerial.o
    0x08002f1e   0x00000006   Code   RO        19197    .text._ZThn228_N4mbed16UnbufferedSerialD1Ev  BUILD/NUCLEO_F103RB/ARMC6/mbed-os/drivers/source/UnbufferedSerial.o
    0x08002f24   0x00000006   Code   RO        19171    .text._ZThn228_NK4mbed16UnbufferedSerial4pollEs  BUILD/NUCLEO_F103RB/ARMC6/mbed-os/drivers/source/UnbufferedSerial.o
    0x08002f2a   0x00000004   Code   RO        21893    .text._ZdaPv        BUILD/NUCLEO_F103RB/ARMC6/mbed-os/platform/source/mbed_retarget.o
    0x08002f2e   0x00000004   Code   RO        21835    .text._ZdlPv        BUILD/NUCLEO_F103RB/ARMC6/mbed-os/platform/source/mbed_retarget.o
    0x08002f32   0x00000002   PAD
    0x08002f34   0x0000004c   Code   RO        21887    .text._Znaj         BUILD/NUCLEO_F103RB/ARMC6/mbed-os/platform/source/mbed_retarget.o
    0x08002f80   0x00000078   Code   RO        21879    .text.__cxa_guard_acquire  BUILD/NUCLEO_F103RB/ARMC6/mbed-os/platform/source/mbed_retarget.o
    0x08002ff8   0x00000042   Code   RO        21881    .text.__cxa_guard_release  BUILD/NUCLEO_F103RB/ARMC6/mbed-os/platform/source/mbed_retarget.o
    0x0800303a   0x00000004   Code   RO        21813    .text.__user_setup_stackheap  BUILD/NUCLEO_F103RB/ARMC6/mbed-os/platform/source/mbed_retarget.o
    0x0800303e   0x00000032   Code   RO        21811    .text._mbed_user_setup_stackheap  BUILD/NUCLEO_F103RB/ARMC6/mbed-os/platform/source/mbed_retarget.o
    0x08003070   0x00000060   Code   RO        21777    .text._sys_open     BUILD/NUCLEO_F103RB/ARMC6/mbed-os/platform/source/mbed_retarget.o
    0x080030d0   0x00000006   Code   RO        21799    .text._sys_seek     BUILD/NUCLEO_F103RB/ARMC6/mbed-os/platform/source/mbed_retarget.o
    0x080030d6   0x00000002   PAD
    0x080030d8   0x00000130   Code   RO        21785    .text._sys_write    BUILD/NUCLEO_F103RB/ARMC6/mbed-os/platform/source/mbed_retarget.o
    0x08003208   0x00000002   Code   RO        21010    .text.block_us_ticker_free  BUILD/NUCLEO_F103RB/ARMC6/mbed-os/hal/source/mbed_us_ticker_api.o
    0x0800320a   0x0000012c   Code   RO        25628    .text.can_irq       BUILD/NUCLEO_F103RB/ARMC6/mbed-os/targets/TARGET_STM/can_api.o
    0x08003336   0x0000000c   Code   RO        21601    .text.core_util_are_interrupts_enabled  BUILD/NUCLEO_F103RB/ARMC6/mbed-os/platform/source/mbed_critical.o
    0x08003342   0x00000002   PAD
    0x08003344   0x00000084   Code   RO        21607    .text.core_util_critical_section_enter  BUILD/NUCLEO_F103RB/ARMC6/mbed-os/platform/source/mbed_critical.o
    0x080033c8   0x00000018   Code   RO        21609    .text.core_util_critical_section_exit  BUILD/NUCLEO_F103RB/ARMC6/mbed-os/platform/source/mbed_critical.o
    0x080033e0   0x00000004   Code   RO        21605    .text.core_util_in_critical_section  BUILD/NUCLEO_F103RB/ARMC6/mbed-os/platform/source/mbed_critical.o
    0x080033e4   0x0000000c   Code   RO        21603    .text.core_util_is_isr_active  BUILD/NUCLEO_F103RB/ARMC6/mbed-os/platform/source/mbed_critical.o
    0x080033f0   0x00000054   Code   RO        25879    .text.debug         BUILD/NUCLEO_F103RB/ARMC6/mbed-os/targets/TARGET_STM/serial_api.o
    0x08003444   0x00000070   Code   RO        21614    .text.error         BUILD/NUCLEO_F103RB/ARMC6/mbed-os/platform/source/mbed_error.o
    0x080034b4   0x00000034   Code   RO          700    .text.error_msg     BUILD/NUCLEO_F103RB/ARMC6/mbed-os/cmsis/device/rtos/source/mbed_rtx_handlers.o
    0x080034e8   0x0000002e   Code   RO        21853    .text.exit          BUILD/NUCLEO_F103RB/ARMC6/mbed-os/platform/source/mbed_retarget.o
    0x08003516   0x0000002a   Code   RO        21807    .text.fsync         BUILD/NUCLEO_F103RB/ARMC6/mbed-os/platform/source/mbed_retarget.o
    0x08003540   0x00000034   Code   RO        25899    .text.get_uart_index  BUILD/NUCLEO_F103RB/ARMC6/mbed-os/targets/TARGET_STM/serial_api.o
    0x08003574   0x0000000a   Code   RO        21004    .text.get_us_ticker_data  BUILD/NUCLEO_F103RB/ARMC6/mbed-os/hal/source/mbed_us_ticker_api.o
    0x0800357e   0x00000032   Code   RO        25653    .text.gpio_dir      BUILD/NUCLEO_F103RB/ARMC6/mbed-os/targets/TARGET_STM/gpio_api.o
    0x080035b0   0x0000004a   Code   RO        25649    .text.gpio_init     BUILD/NUCLEO_F103RB/ARMC6/mbed-os/targets/TARGET_STM/gpio_api.o
    0x080035fa   0x00000006   Code   RO        20906    .text.gpio_init_out  BUILD/NUCLEO_F103RB/ARMC6/mbed-os/hal/source/mbed_gpio.o
    0x08003600   0x00000034   Code   RO        20908    .text.gpio_init_out_ex  BUILD/NUCLEO_F103RB/ARMC6/mbed-os/hal/source/mbed_gpio.o
    0x08003634   0x00000008   Code   RO        25651    .text.gpio_mode     BUILD/NUCLEO_F103RB/ARMC6/mbed-os/targets/TARGET_STM/gpio_api.o
    0x0800363c   0x00000064   Code   RO        25647    .text.gpio_set      BUILD/NUCLEO_F103RB/ARMC6/mbed-os/targets/TARGET_STM/gpio_api.o
    0x080036a0   0x0000002a   Code   RO        20888    .text.hal_critical_section_enter  BUILD/NUCLEO_F103RB/ARMC6/mbed-os/hal/source/mbed_critical_section_api.o
    0x080036ca   0x00000002   PAD
    0x080036cc   0x00000080   Code   RO        20890    .text.hal_critical_section_exit  BUILD/NUCLEO_F103RB/ARMC6/mbed-os/hal/source/mbed_critical_section_api.o
    0x0800374c   0x00000114   Code   RO        25910    .text.hal_deepsleep  BUILD/NUCLEO_F103RB/ARMC6/mbed-os/targets/TARGET_STM/sleep.o
    0x08003860   0x0000000c   Code   RO        20892    .text.hal_in_critical_section  BUILD/NUCLEO_F103RB/ARMC6/mbed-os/hal/source/mbed_critical_section_api.o
    0x0800386c   0x00000022   Code   RO        25908    .text.hal_sleep     BUILD/NUCLEO_F103RB/ARMC6/mbed-os/targets/TARGET_STM/sleep.o
    0x0800388e   0x00000108   Code   RO        21616    .text.handle_error  BUILD/NUCLEO_F103RB/ARMC6/mbed-os/platform/source/mbed_error.o
    0x08003996   0x000000b8   Code   RO        25977    .text.init_16bit_timer  BUILD/NUCLEO_F103RB/ARMC6/mbed-os/targets/TARGET_STM/us_ticker.o
    0x08003a4e   0x00000062   Code   RO        25877    .text.init_uart     BUILD/NUCLEO_F103RB/ARMC6/mbed-os/targets/TARGET_STM/serial_api.o
    0x08003ab0   0x00000184   Code   RO        20974    .text.initialize    BUILD/NUCLEO_F103RB/ARMC6/mbed-os/hal/source/mbed_ticker_api.o
    0x08003c34   0x00000026   Code   RO        21771    .text.isatty        BUILD/NUCLEO_F103RB/ARMC6/mbed-os/platform/source/mbed_retarget.o
    0x08003c5a   0x00000030   Code   RO        21801    .text.lseek         BUILD/NUCLEO_F103RB/ARMC6/mbed-os/platform/source/mbed_retarget.o
    0x08003c8a   0x00000002   PAD
    0x08003c8c   0x00000094   Code   RO           56    .text.main          BUILD/NUCLEO_F103RB/ARMC6/main.o
    0x08003d20   0x0000001a   Code   RO        21490    .text.mbed_assert_internal  BUILD/NUCLEO_F103RB/ARMC6/mbed-os/platform/source/mbed_assert.o
    0x08003d3a   0x00000002   PAD
    0x08003d3c   0x00000062   Code   RO        21590    .text.mbed_die      BUILD/NUCLEO_F103RB/ARMC6/mbed-os/platform/source/mbed_board.o
    0x08003d9e   0x00000038   Code   RO        21638    .text.mbed_error    BUILD/NUCLEO_F103RB/ARMC6/mbed-os/platform/source/mbed_error.o
    0x08003dd6   0x00000020   Code   RO        21592    .text.mbed_error_printf  BUILD/NUCLEO_F103RB/ARMC6/mbed-os/platform/source/mbed_board.o
    0x08003df6   0x00000002   PAD
    0x08003df8   0x00000054   Code   RO        21596    .text.mbed_error_puts  BUILD/NUCLEO_F103RB/ARMC6/mbed-os/platform/source/mbed_board.o
    0x08003e4c   0x00000034   Code   RO        21594    .text.mbed_error_vprintf  BUILD/NUCLEO_F103RB/ARMC6/mbed-os/platform/source/mbed_board.o
    0x08003e80   0x00000100   Code   RO        21472    .text.mbed_fault_handler  BUILD/NUCLEO_F103RB/ARMC6/mbed-os/platform/source/TARGET_CORTEX_M/mbed_fault_handler.o
    0x08003f80   0x0000000c   Code   RO        21634    .text.mbed_get_error_in_progress  BUILD/NUCLEO_F103RB/ARMC6/mbed-os/platform/source/mbed_error.o
    0x08003f8c   0x0000003e   Code   RO        21620    .text.mbed_halt_system  BUILD/NUCLEO_F103RB/ARMC6/mbed-os/platform/source/mbed_error.o
    0x08003fca   0x00000002   PAD
    0x08003fcc   0x0000003a   Code   RO          641    .text.mbed_init     BUILD/NUCLEO_F103RB/ARMC6/mbed-os/cmsis/device/rtos/source/mbed_boot.o
    0x08004006   0x00000002   PAD
    0x08004008   0x00000358   Code   RO        22122    .text.mbed_minimal_formatted_string  BUILD/NUCLEO_F103RB/ARMC6/mbed-os/platform/source/minimal-printf/mbed_printf_implementation.o
    0x08004360   0x0000016c   Code   RO        22124    .text.mbed_minimal_formatted_string_integer  BUILD/NUCLEO_F103RB/ARMC6/mbed-os/platform/source/minimal-printf/mbed_printf_implementation.o
    0x080044cc   0x00000046   Code   RO        22126    .text.mbed_minimal_putchar  BUILD/NUCLEO_F103RB/ARMC6/mbed-os/platform/source/minimal-printf/mbed_printf_implementation.o
    0x08004512   0x00000004   Code   RO          657    .text.mbed_rtos_init  BUILD/NUCLEO_F103RB/ARMC6/mbed-os/cmsis/device/rtos/source/mbed_rtos_rtx.o
    0x08004516   0x0000002c   Code   RO          661    .text.mbed_rtos_init_singleton_mutex  BUILD/NUCLEO_F103RB/ARMC6/mbed-os/cmsis/device/rtos/source/mbed_rtos_rtx.o
    0x08004542   0x00000002   PAD
    0x08004544   0x000000a8   Code   RO          659    .text.mbed_rtos_start  BUILD/NUCLEO_F103RB/ARMC6/mbed-os/cmsis/device/rtos/source/mbed_rtos_rtx.o
    0x080045ec   0x00000024   Code   RO        25789    .text.mbed_sdk_init  BUILD/NUCLEO_F103RB/ARMC6/mbed-os/targets/TARGET_STM/mbed_overrides.o
    0x08004610   0x0000001e   Code   RO          645    .text.mbed_start    BUILD/NUCLEO_F103RB/ARMC6/mbed-os/cmsis/device/rtos/source/mbed_boot.o
    0x0800462e   0x00000004   Code   RO          637    .text.mbed_toolchain_init  BUILD/NUCLEO_F103RB/ARMC6/mbed-os/cmsis/device/rtos/TOOLCHAIN_ARM_STD/mbed_boot_arm_std.o
    0x08004632   0x000000bc   Code   RO        21779    .text.open          BUILD/NUCLEO_F103RB/ARMC6/mbed-os/platform/source/mbed_retarget.o
    0x080046ee   0x0000002e   Code   RO          145    .text.osDelay       BUILD/NUCLEO_F103RB/ARMC6/mbed-os/cmsis/CMSIS_5/CMSIS/RTOS2/RTX/Source/rtx_delay.o
    0x0800471c   0x00000032   Code   RO          219    .text.osKernelInitialize  BUILD/NUCLEO_F103RB/ARMC6/mbed-os/cmsis/CMSIS_5/CMSIS/RTOS2/RTX/Source/rtx_kernel.o
    0x0800474e   0x0000002e   Code   RO          229    .text.osKernelStart  BUILD/NUCLEO_F103RB/ARMC6/mbed-os/cmsis/CMSIS_5/CMSIS/RTOS2/RTX/Source/rtx_kernel.o
    0x0800477c   0x0000007c   Code   RO          348    .text.osMessageQueueGet  BUILD/NUCLEO_F103RB/ARMC6/mbed-os/cmsis/CMSIS_5/CMSIS/RTOS2/RTX/Source/rtx_msgqueue.o
    0x080047f8   0x00000032   Code   RO          342    .text.osMessageQueueNew  BUILD/NUCLEO_F103RB/ARMC6/mbed-os/cmsis/CMSIS_5/CMSIS/RTOS2/RTX/Source/rtx_msgqueue.o
    0x0800482a   0x00000084   Code   RO          346    .text.osMessageQueuePut  BUILD/NUCLEO_F103RB/ARMC6/mbed-os/cmsis/CMSIS_5/CMSIS/RTOS2/RTX/Source/rtx_msgqueue.o
    0x080048ae   0x0000002e   Code   RO          398    .text.osMutexAcquire  BUILD/NUCLEO_F103RB/ARMC6/mbed-os/cmsis/CMSIS_5/CMSIS/RTOS2/RTX/Source/rtx_mutex.o
    0x080048dc   0x0000002e   Code   RO          404    .text.osMutexDelete  BUILD/NUCLEO_F103RB/ARMC6/mbed-os/cmsis/CMSIS_5/CMSIS/RTOS2/RTX/Source/rtx_mutex.o
    0x0800490a   0x00000032   Code   RO          394    .text.osMutexNew    BUILD/NUCLEO_F103RB/ARMC6/mbed-os/cmsis/CMSIS_5/CMSIS/RTOS2/RTX/Source/rtx_mutex.o
    0x0800493c   0x0000002e   Code   RO          400    .text.osMutexRelease  BUILD/NUCLEO_F103RB/ARMC6/mbed-os/cmsis/CMSIS_5/CMSIS/RTOS2/RTX/Source/rtx_mutex.o
    0x0800496a   0x00000002   PAD
    0x0800496c   0x000000fc   Code   RO          676    .text.osRtxErrorNotify  BUILD/NUCLEO_F103RB/ARMC6/mbed-os/cmsis/device/rtos/source/mbed_rtx_handlers.o
    0x08004a68   0x00000004   Code   RO          674    .text.osRtxIdleThread  BUILD/NUCLEO_F103RB/ARMC6/mbed-os/cmsis/device/rtos/source/mbed_rtx_handlers.o
    0x08004a6c   0x0000008a   Code   RO          290    .text.osRtxMemoryAlloc  BUILD/NUCLEO_F103RB/ARMC6/mbed-os/cmsis/CMSIS_5/CMSIS/RTOS2/RTX/Source/rtx_memory.o
    0x08004af6   0x00000002   PAD
    0x08004af8   0x0000004e   Code   RO          292    .text.osRtxMemoryFree  BUILD/NUCLEO_F103RB/ARMC6/mbed-os/cmsis/CMSIS_5/CMSIS/RTOS2/RTX/Source/rtx_memory.o
    0x08004b46   0x00000038   Code   RO          288    .text.osRtxMemoryInit  BUILD/NUCLEO_F103RB/ARMC6/mbed-os/cmsis/CMSIS_5/CMSIS/RTOS2/RTX/Source/rtx_memory.o
    0x08004b7e   0x0000003a   Code   RO          298    .text.osRtxMemoryPoolAlloc  BUILD/NUCLEO_F103RB/ARMC6/mbed-os/cmsis/CMSIS_5/CMSIS/RTOS2/RTX/Source/rtx_mempool.o
    0x08004bb8   0x0000004a   Code   RO          300    .text.osRtxMemoryPoolFree  BUILD/NUCLEO_F103RB/ARMC6/mbed-os/cmsis/CMSIS_5/CMSIS/RTOS2/RTX/Source/rtx_mempool.o
    0x08004c02   0x00000002   PAD
    0x08004c04   0x00000052   Code   RO          296    .text.osRtxMemoryPoolInit  BUILD/NUCLEO_F103RB/ARMC6/mbed-os/cmsis/CMSIS_5/CMSIS/RTOS2/RTX/Source/rtx_mempool.o
    0x08004c56   0x000000d6   Code   RO          372    .text.osRtxMessageQueuePostProcess  BUILD/NUCLEO_F103RB/ARMC6/mbed-os/cmsis/CMSIS_5/CMSIS/RTOS2/RTX/Source/rtx_msgqueue.o
    0x08004d2c   0x0000004a   Code   RO          390    .text.osRtxMutexOwnerRelease  BUILD/NUCLEO_F103RB/ARMC6/mbed-os/cmsis/CMSIS_5/CMSIS/RTOS2/RTX/Source/rtx_mutex.o
    0x08004d76   0x00000002   PAD
    0x08004d78   0x0000004a   Code   RO          392    .text.osRtxMutexOwnerRestore  BUILD/NUCLEO_F103RB/ARMC6/mbed-os/cmsis/CMSIS_5/CMSIS/RTOS2/RTX/Source/rtx_mutex.o
    0x08004dc2   0x00000002   PAD
    0x08004dc4   0x000000a4   Code   RO          450    .text.osRtxPendSV_Handler  BUILD/NUCLEO_F103RB/ARMC6/mbed-os/cmsis/CMSIS_5/CMSIS/RTOS2/RTX/Source/rtx_system.o
    0x08004e68   0x00000076   Code   RO          452    .text.osRtxPostProcess  BUILD/NUCLEO_F103RB/ARMC6/mbed-os/cmsis/CMSIS_5/CMSIS/RTOS2/RTX/Source/rtx_system.o
    0x08004ede   0x00000036   Code   RO          436    .text.osRtxSemaphorePostProcess  BUILD/NUCLEO_F103RB/ARMC6/mbed-os/cmsis/CMSIS_5/CMSIS/RTOS2/RTX/Source/rtx_semaphore.o
    0x08004f14   0x0000009a   Code   RO          482    .text.osRtxThreadDelayInsert  BUILD/NUCLEO_F103RB/ARMC6/mbed-os/cmsis/CMSIS_5/CMSIS/RTOS2/RTX/Source/rtx_thread.o
    0x08004fae   0x00000042   Code   RO          478    .text.osRtxThreadDelayRemove  BUILD/NUCLEO_F103RB/ARMC6/mbed-os/cmsis/CMSIS_5/CMSIS/RTOS2/RTX/Source/rtx_thread.o
    0x08004ff0   0x000000c2   Code   RO          466    .text.osRtxThreadDelayTick  BUILD/NUCLEO_F103RB/ARMC6/mbed-os/cmsis/CMSIS_5/CMSIS/RTOS2/RTX/Source/rtx_thread.o
    0x080050b2   0x00000002   PAD
    0x080050b4   0x000000fe   Code   RO          474    .text.osRtxThreadDispatch  BUILD/NUCLEO_F103RB/ARMC6/mbed-os/cmsis/CMSIS_5/CMSIS/RTOS2/RTX/Source/rtx_thread.o
    0x080051b2   0x00000064   Code   RO          556    .text.osRtxThreadFree  BUILD/NUCLEO_F103RB/ARMC6/mbed-os/cmsis/CMSIS_5/CMSIS/RTOS2/RTX/Source/rtx_thread.o
    0x08005216   0x00000012   Code   RO          458    .text.osRtxThreadListGet  BUILD/NUCLEO_F103RB/ARMC6/mbed-os/cmsis/CMSIS_5/CMSIS/RTOS2/RTX/Source/rtx_thread.o
    0x08005228   0x0000002a   Code   RO          456    .text.osRtxThreadListPut  BUILD/NUCLEO_F103RB/ARMC6/mbed-os/cmsis/CMSIS_5/CMSIS/RTOS2/RTX/Source/rtx_thread.o
    0x08005252   0x00000014   Code   RO          462    .text.osRtxThreadListRemove  BUILD/NUCLEO_F103RB/ARMC6/mbed-os/cmsis/CMSIS_5/CMSIS/RTOS2/RTX/Source/rtx_thread.o
    0x08005266   0x00000002   PAD
    0x08005268   0x0000004a   Code   RO          460    .text.osRtxThreadListSort  BUILD/NUCLEO_F103RB/ARMC6/mbed-os/cmsis/CMSIS_5/CMSIS/RTOS2/RTX/Source/rtx_thread.o
    0x080052b2   0x0000002a   Code   RO          532    .text.osRtxThreadPostProcess  BUILD/NUCLEO_F103RB/ARMC6/mbed-os/cmsis/CMSIS_5/CMSIS/RTOS2/RTX/Source/rtx_thread.o
    0x080052dc   0x0000003a   Code   RO          464    .text.osRtxThreadReadyPut  BUILD/NUCLEO_F103RB/ARMC6/mbed-os/cmsis/CMSIS_5/CMSIS/RTOS2/RTX/Source/rtx_thread.o
    0x08005316   0x0000002a   Code   RO          472    .text.osRtxThreadStackCheck  BUILD/NUCLEO_F103RB/ARMC6/mbed-os/cmsis/CMSIS_5/CMSIS/RTOS2/RTX/Source/rtx_thread.o
    0x08005340   0x00000046   Code   RO          484    .text.osRtxThreadStartup  BUILD/NUCLEO_F103RB/ARMC6/mbed-os/cmsis/CMSIS_5/CMSIS/RTOS2/RTX/Source/rtx_thread.o
    0x08005386   0x00000012   Code   RO          470    .text.osRtxThreadSwitch  BUILD/NUCLEO_F103RB/ARMC6/mbed-os/cmsis/CMSIS_5/CMSIS/RTOS2/RTX/Source/rtx_thread.o
    0x08005398   0x00000042   Code   RO          480    .text.osRtxThreadWaitEnter  BUILD/NUCLEO_F103RB/ARMC6/mbed-os/cmsis/CMSIS_5/CMSIS/RTOS2/RTX/Source/rtx_thread.o
    0x080053da   0x00000002   PAD
    0x080053dc   0x00000052   Code   RO          476    .text.osRtxThreadWaitExit  BUILD/NUCLEO_F103RB/ARMC6/mbed-os/cmsis/CMSIS_5/CMSIS/RTOS2/RTX/Source/rtx_thread.o
    0x0800542e   0x00000074   Code   RO          448    .text.osRtxTick_Handler  BUILD/NUCLEO_F103RB/ARMC6/mbed-os/cmsis/CMSIS_5/CMSIS/RTOS2/RTX/Source/rtx_system.o
    0x080054a2   0x00000002   PAD
    0x080054a4   0x00000044   Code   RO          578    .text.osRtxTimerThread  BUILD/NUCLEO_F103RB/ARMC6/mbed-os/cmsis/CMSIS_5/CMSIS/RTOS2/RTX/Source/rtx_timer.o
    0x080054e8   0x0000005a   Code   RO          580    .text.osRtxTimerTick  BUILD/NUCLEO_F103RB/ARMC6/mbed-os/cmsis/CMSIS_5/CMSIS/RTOS2/RTX/Source/rtx_timer.o
    0x08005542   0x0000002e   Code   RO          432    .text.osSemaphoreDelete  BUILD/NUCLEO_F103RB/ARMC6/mbed-os/cmsis/CMSIS_5/CMSIS/RTOS2/RTX/Source/rtx_semaphore.o
    0x08005570   0x00000032   Code   RO          420    .text.osSemaphoreNew  BUILD/NUCLEO_F103RB/ARMC6/mbed-os/cmsis/CMSIS_5/CMSIS/RTOS2/RTX/Source/rtx_semaphore.o
    0x080055a2   0x00000076   Code   RO          426    .text.osSemaphoreRelease  BUILD/NUCLEO_F103RB/ARMC6/mbed-os/cmsis/CMSIS_5/CMSIS/RTOS2/RTX/Source/rtx_semaphore.o
    0x08005618   0x0000001a   Code   RO          516    .text.osThreadExit  BUILD/NUCLEO_F103RB/ARMC6/mbed-os/cmsis/CMSIS_5/CMSIS/RTOS2/RTX/Source/rtx_thread.o
    0x08005632   0x0000002a   Code   RO          492    .text.osThreadGetId  BUILD/NUCLEO_F103RB/ARMC6/mbed-os/cmsis/CMSIS_5/CMSIS/RTOS2/RTX/Source/rtx_thread.o
    0x0800565c   0x00000032   Code   RO          488    .text.osThreadNew   BUILD/NUCLEO_F103RB/ARMC6/mbed-os/cmsis/CMSIS_5/CMSIS/RTOS2/RTX/Source/rtx_thread.o
    0x0800568e   0x00000038   Code   RO          518    .text.osThreadTerminate  BUILD/NUCLEO_F103RB/ARMC6/mbed-os/cmsis/CMSIS_5/CMSIS/RTOS2/RTX/Source/rtx_thread.o
    0x080056c6   0x00000002   PAD
    0x080056c8   0x000002a0   Code   RO        25795    .text.pin_function  BUILD/NUCLEO_F103RB/ARMC6/mbed-os/targets/TARGET_STM/pinmap.o
    0x08005968   0x000000e8   Code   RO        25797    .text.pin_mode      BUILD/NUCLEO_F103RB/ARMC6/mbed-os/targets/TARGET_STM/pinmap.o
    0x08005a50   0x00000026   Code   RO        20934    .text.pinmap_find_function  BUILD/NUCLEO_F103RB/ARMC6/mbed-os/hal/source/mbed_pinmap_common.o
    0x08005a76   0x00000002   PAD
    0x08005a78   0x00000044   Code   RO        20928    .text.pinmap_merge  BUILD/NUCLEO_F103RB/ARMC6/mbed-os/hal/source/mbed_pinmap_common.o
    0x08005abc   0x00000078   Code   RO        20932    .text.pinmap_peripheral  BUILD/NUCLEO_F103RB/ARMC6/mbed-os/hal/source/mbed_pinmap_common.o
    0x08005b34   0x00000170   Code   RO        21474    .text.print_context_info  BUILD/NUCLEO_F103RB/ARMC6/mbed-os/platform/source/TARGET_CORTEX_M/mbed_fault_handler.o
    0x08005ca4   0x000001fc   Code   RO        21618    .text.print_error_report  BUILD/NUCLEO_F103RB/ARMC6/mbed-os/platform/source/mbed_error.o
    0x08005ea0   0x00000158   Code   RO        25818    .text.pwmout_init   BUILD/NUCLEO_F103RB/ARMC6/mbed-os/targets/TARGET_STM/pwmout_api.o
    0x08005ff8   0x00000130   Code   RO        25828    .text.pwmout_period_us  BUILD/NUCLEO_F103RB/ARMC6/mbed-os/targets/TARGET_STM/pwmout_api.o
    0x08006128   0x00000028   Code   RO        25836    .text.pwmout_pulsewidth_us  BUILD/NUCLEO_F103RB/ARMC6/mbed-os/targets/TARGET_STM/pwmout_api.o
    0x08006150   0x00000038   Code   RO        25824    .text.pwmout_read   BUILD/NUCLEO_F103RB/ARMC6/mbed-os/targets/TARGET_STM/pwmout_api.o
    0x08006188   0x000000ec   Code   RO        25822    .text.pwmout_write  BUILD/NUCLEO_F103RB/ARMC6/mbed-os/targets/TARGET_STM/pwmout_api.o
    0x08006274   0x00000038   Code   RO        25993    .text.restore_timer_ctx  BUILD/NUCLEO_F103RB/ARMC6/mbed-os/targets/TARGET_STM/us_ticker.o
    0x080062ac   0x0000000e   Code   RO          710    .text.rtos_idle_loop  BUILD/NUCLEO_F103RB/ARMC6/mbed-os/cmsis/device/rtos/source/mbed_rtx_idle.o
    0x080062ba   0x00000038   Code   RO        25991    .text.save_timer_ctx  BUILD/NUCLEO_F103RB/ARMC6/mbed-os/targets/TARGET_STM/us_ticker.o
    0x080062f2   0x00000002   PAD
    0x080062f4   0x00000138   Code   RO        20980    .text.schedule_interrupt  BUILD/NUCLEO_F103RB/ARMC6/mbed-os/hal/source/mbed_ticker_api.o
    0x0800642c   0x00000018   Code   RO        25875    .text.serial_baud   BUILD/NUCLEO_F103RB/ARMC6/mbed-os/targets/TARGET_STM/serial_api.o
    0x08006444   0x000000e6   Code   RO        25873    .text.serial_free   BUILD/NUCLEO_F103RB/ARMC6/mbed-os/targets/TARGET_STM/serial_api.o
    0x0800652a   0x00000002   PAD
    0x0800652c   0x00000030   Code   RO        25546    .text.serial_getc   BUILD/NUCLEO_F103RB/ARMC6/mbed-os/targets/TARGET_STM/TARGET_STM32F1/serial_device.o
    0x0800655c   0x000001f8   Code   RO        25871    .text.serial_init   BUILD/NUCLEO_F103RB/ARMC6/mbed-os/targets/TARGET_STM/serial_api.o
    0x08006754   0x0000000e   Code   RO        21028    .text.serial_init_direct  BUILD/NUCLEO_F103RB/ARMC6/mbed-os/hal/source/static_pinmap.o
    0x08006762   0x0000001a   Code   RO        25536    .text.serial_irq_handler  BUILD/NUCLEO_F103RB/ARMC6/mbed-os/targets/TARGET_STM/TARGET_STM32F1/serial_device.o
    0x0800677c   0x000000fa   Code   RO        25538    .text.serial_irq_set  BUILD/NUCLEO_F103RB/ARMC6/mbed-os/targets/TARGET_STM/TARGET_STM32F1/serial_device.o
    0x08006876   0x0000004c   Code   RO        25901    .text.serial_is_tx_ongoing  BUILD/NUCLEO_F103RB/ARMC6/mbed-os/targets/TARGET_STM/serial_api.o
    0x080068c2   0x00000002   PAD
    0x080068c4   0x00000032   Code   RO        25548    .text.serial_putc   BUILD/NUCLEO_F103RB/ARMC6/mbed-os/targets/TARGET_STM/TARGET_STM32F1/serial_device.o
    0x080068f6   0x0000002e   Code   RO        25891    .text.serial_readable  BUILD/NUCLEO_F103RB/ARMC6/mbed-os/targets/TARGET_STM/serial_api.o
    0x08006924   0x00000016   Code   RO        25893    .text.serial_writable  BUILD/NUCLEO_F103RB/ARMC6/mbed-os/targets/TARGET_STM/serial_api.o
    0x0800693a   0x00000002   PAD
    0x0800693c   0x00000060   Code   RO        21730    .text.sleep_manager_lock_deep_sleep_internal  BUILD/NUCLEO_F103RB/ARMC6/mbed-os/platform/source/mbed_power_mgmt.o
    0x0800699c   0x00000024   Code   RO        21738    .text.sleep_manager_sleep_auto  BUILD/NUCLEO_F103RB/ARMC6/mbed-os/platform/source/mbed_power_mgmt.o
    0x080069c0   0x00000064   Code   RO        21732    .text.sleep_manager_unlock_deep_sleep_internal  BUILD/NUCLEO_F103RB/ARMC6/mbed-os/platform/source/mbed_power_mgmt.o
    0x08006a24   0x00000014   Code   RO          149    .text.svcRtxDelay   BUILD/NUCLEO_F103RB/ARMC6/mbed-os/cmsis/CMSIS_5/CMSIS/RTOS2/RTX/Source/rtx_delay.o
    0x08006a38   0x0000015a   Code   RO          257    .text.svcRtxKernelInitialize  BUILD/NUCLEO_F103RB/ARMC6/mbed-os/cmsis/CMSIS_5/CMSIS/RTOS2/RTX/Source/rtx_kernel.o
    0x08006b92   0x000000a4   Code   RO          259    .text.svcRtxKernelStart  BUILD/NUCLEO_F103RB/ARMC6/mbed-os/cmsis/CMSIS_5/CMSIS/RTOS2/RTX/Source/rtx_kernel.o
    0x08006c36   0x000000f6   Code   RO          382    .text.svcRtxMessageQueueGet  BUILD/NUCLEO_F103RB/ARMC6/mbed-os/cmsis/CMSIS_5/CMSIS/RTOS2/RTX/Source/rtx_msgqueue.o
    0x08006d2c   0x00000158   Code   RO          370    .text.svcRtxMessageQueueNew  BUILD/NUCLEO_F103RB/ARMC6/mbed-os/cmsis/CMSIS_5/CMSIS/RTOS2/RTX/Source/rtx_msgqueue.o
    0x08006e84   0x000000c0   Code   RO          378    .text.svcRtxMessageQueuePut  BUILD/NUCLEO_F103RB/ARMC6/mbed-os/cmsis/CMSIS_5/CMSIS/RTOS2/RTX/Source/rtx_msgqueue.o
    0x08006f44   0x000000b0   Code   RO          410    .text.svcRtxMutexAcquire  BUILD/NUCLEO_F103RB/ARMC6/mbed-os/cmsis/CMSIS_5/CMSIS/RTOS2/RTX/Source/rtx_mutex.o
    0x08006ff4   0x000000be   Code   RO          416    .text.svcRtxMutexDelete  BUILD/NUCLEO_F103RB/ARMC6/mbed-os/cmsis/CMSIS_5/CMSIS/RTOS2/RTX/Source/rtx_mutex.o
    0x080070b2   0x00000078   Code   RO          406    .text.svcRtxMutexNew  BUILD/NUCLEO_F103RB/ARMC6/mbed-os/cmsis/CMSIS_5/CMSIS/RTOS2/RTX/Source/rtx_mutex.o
    0x0800712a   0x000000d8   Code   RO          412    .text.svcRtxMutexRelease  BUILD/NUCLEO_F103RB/ARMC6/mbed-os/cmsis/CMSIS_5/CMSIS/RTOS2/RTX/Source/rtx_mutex.o
    0x08007202   0x00000002   PAD
    0x08007204   0x0000006c   Code   RO          444    .text.svcRtxSemaphoreDelete  BUILD/NUCLEO_F103RB/ARMC6/mbed-os/cmsis/CMSIS_5/CMSIS/RTOS2/RTX/Source/rtx_semaphore.o
    0x08007270   0x000000a0   Code   RO          434    .text.svcRtxSemaphoreNew  BUILD/NUCLEO_F103RB/ARMC6/mbed-os/cmsis/CMSIS_5/CMSIS/RTOS2/RTX/Source/rtx_semaphore.o
    0x08007310   0x00000066   Code   RO          442    .text.svcRtxSemaphoreRelease  BUILD/NUCLEO_F103RB/ARMC6/mbed-os/cmsis/CMSIS_5/CMSIS/RTOS2/RTX/Source/rtx_semaphore.o
    0x08007376   0x00000072   Code   RO          560    .text.svcRtxThreadExit  BUILD/NUCLEO_F103RB/ARMC6/mbed-os/cmsis/CMSIS_5/CMSIS/RTOS2/RTX/Source/rtx_thread.o
    0x080073e8   0x0000000c   Code   RO          494    .text.svcRtxThreadGetId  BUILD/NUCLEO_F103RB/ARMC6/mbed-os/cmsis/CMSIS_5/CMSIS/RTOS2/RTX/Source/rtx_thread.o
    0x080073f4   0x00000224   Code   RO          486    .text.svcRtxThreadNew  BUILD/NUCLEO_F103RB/ARMC6/mbed-os/cmsis/CMSIS_5/CMSIS/RTOS2/RTX/Source/rtx_thread.o
    0x08007618   0x000000f2   Code   RO          562    .text.svcRtxThreadTerminate  BUILD/NUCLEO_F103RB/ARMC6/mbed-os/cmsis/CMSIS_5/CMSIS/RTOS2/RTX/Source/rtx_thread.o
    0x0800770a   0x00000004   Code   RO        21977    .text.thread_sleep_for  BUILD/NUCLEO_F103RB/ARMC6/mbed-os/platform/source/mbed_thread.o
    0x0800770e   0x00000002   PAD
    0x08007710   0x00000062   Code   RO        20976    .text.ticker_irq_handler  BUILD/NUCLEO_F103RB/ARMC6/mbed-os/hal/source/mbed_ticker_api.o
    0x08007772   0x00000008   Code   RO        20990    .text.ticker_read   BUILD/NUCLEO_F103RB/ARMC6/mbed-os/hal/source/mbed_ticker_api.o
    0x0800777a   0x00000022   Code   RO        20992    .text.ticker_read_us  BUILD/NUCLEO_F103RB/ARMC6/mbed-os/hal/source/mbed_ticker_api.o
    0x0800779c   0x0000002a   Code   RO        25975    .text.timer_irq_handler  BUILD/NUCLEO_F103RB/ARMC6/mbed-os/targets/TARGET_STM/us_ticker.o
    0x080077c6   0x0000002a   Code   RO          680    .text.trap_rtx_error  BUILD/NUCLEO_F103RB/ARMC6/mbed-os/cmsis/device/rtos/source/mbed_rtx_handlers.o
    0x080077f0   0x0000000c   Code   RO        25540    .text.uart1_irq     BUILD/NUCLEO_F103RB/ARMC6/mbed-os/targets/TARGET_STM/TARGET_STM32F1/serial_device.o
    0x080077fc   0x0000000c   Code   RO        25542    .text.uart2_irq     BUILD/NUCLEO_F103RB/ARMC6/mbed-os/targets/TARGET_STM/TARGET_STM32F1/serial_device.o
    0x08007808   0x0000000c   Code   RO        25544    .text.uart3_irq     BUILD/NUCLEO_F103RB/ARMC6/mbed-os/targets/TARGET_STM/TARGET_STM32F1/serial_device.o
    0x08007814   0x00000084   Code   RO        25572    .text.uart_irq      BUILD/NUCLEO_F103RB/ARMC6/mbed-os/targets/TARGET_STM/TARGET_STM32F1/serial_device.o
    0x08007898   0x00000086   Code   RO        20978    .text.update_present_time  BUILD/NUCLEO_F103RB/ARMC6/mbed-os/hal/source/mbed_ticker_api.o
    0x0800791e   0x00000012   Code   RO        25989    .text.us_ticker_clear_interrupt  BUILD/NUCLEO_F103RB/ARMC6/mbed-os/targets/TARGET_STM/us_ticker.o
    0x08007930   0x00000014   Code   RO        25987    .text.us_ticker_disable_interrupt  BUILD/NUCLEO_F103RB/ARMC6/mbed-os/targets/TARGET_STM/us_ticker.o
    0x08007944   0x00000022   Code   RO        25985    .text.us_ticker_fire_interrupt  BUILD/NUCLEO_F103RB/ARMC6/mbed-os/targets/TARGET_STM/us_ticker.o
    0x08007966   0x0000000a   Code   RO        25973    .text.us_ticker_get_info  BUILD/NUCLEO_F103RB/ARMC6/mbed-os/targets/TARGET_STM/us_ticker.o
    0x08007970   0x00000018   Code   RO        25979    .text.us_ticker_init  BUILD/NUCLEO_F103RB/ARMC6/mbed-os/targets/TARGET_STM/us_ticker.o
    0x08007988   0x00000018   Code   RO        21008    .text.us_ticker_irq_handler  BUILD/NUCLEO_F103RB/ARMC6/mbed-os/hal/source/mbed_us_ticker_api.o
    0x080079a0   0x0000000c   Code   RO        25981    .text.us_ticker_read  BUILD/NUCLEO_F103RB/ARMC6/mbed-os/targets/TARGET_STM/us_ticker.o
    0x080079ac   0x0000001c   Code   RO        25983    .text.us_ticker_set_interrupt  BUILD/NUCLEO_F103RB/ARMC6/mbed-os/targets/TARGET_STM/us_ticker.o
    0x080079c8   0x0000001e   Code   RO        21983    .text.wait_us       BUILD/NUCLEO_F103RB/ARMC6/mbed-os/platform/source/mbed_wait_api_no_rtos.o
    0x080079e6   0x00000030   Code   RO        21787    .text.write         BUILD/NUCLEO_F103RB/ARMC6/mbed-os/platform/source/mbed_retarget.o
    0x08007a16   0x00000002   PAD
    0x08007a18   0x00000008   Code   RO        26303    i.__aeabi_errno_addr  c:\ProgramData\Mbed Studio\mbed-studio-tools\ac6\bin\..\lib\armlib\mc_w.l(errno.o)
    0x08007a20   0x000000a0   Code   RO        26285    i.__aligned_malloc$2region  c:\ProgramData\Mbed Studio\mbed-studio-tools\ac6\bin\..\lib\armlib\mc_w.l(malloca2.o)
    0x08007ac0   0x00000050   Code   RO        26286    i.__free$memalign$2region  c:\ProgramData\Mbed Studio\mbed-studio-tools\ac6\bin\..\lib\armlib\mc_w.l(malloca2.o)
    0x08007b10   0x00000006   Code   RO        26287    i.__malloc$memalign$2region  c:\ProgramData\Mbed Studio\mbed-studio-tools\ac6\bin\..\lib\armlib\mc_w.l(malloca2.o)
    0x08007b16   0x0000000e   Code   RO        26489    i.__scatterload_copy  c:\ProgramData\Mbed Studio\mbed-studio-tools\ac6\bin\..\lib\armlib\mc_w.l(handlers.o)
    0x08007b24   0x00000002   Code   RO        26490    i.__scatterload_null  c:\ProgramData\Mbed Studio\mbed-studio-tools\ac6\bin\..\lib\armlib\mc_w.l(handlers.o)
    0x08007b26   0x0000000e   Code   RO        26491    i.__scatterload_zeroinit  c:\ProgramData\Mbed Studio\mbed-studio-tools\ac6\bin\..\lib\armlib\mc_w.l(handlers.o)
    0x08007b34   0x00000018   Code   RO        26149    i._fflush$full      c:\ProgramData\Mbed Studio\mbed-studio-tools\ac6\bin\..\lib\armlib\mc_w.l(fflush_f.o)
    0x08007b4c   0x00000072   Code   RO        26083    i.roundf            c:\ProgramData\Mbed Studio\mbed-studio-tools\ac6\bin\..\lib\armlib\m_ws.l(roundf.o)
    0x08007bbe   0x00000002   PAD
    0x08007bc0   0x000000a0   Data   RO          279    .rodata             BUILD/NUCLEO_F103RB/ARMC6/mbed-os/cmsis/CMSIS_5/CMSIS/RTOS2/RTX/Source/rtx_lib.o
    0x08007c60   0x00000010   Data   RO          668    .rodata..L__const.mbed_rtos_init_singleton_mutex.singleton_mutex_attr  BUILD/NUCLEO_F103RB/ARMC6/mbed-os/cmsis/device/rtos/source/mbed_rtos_rtx.o
    0x08007c70   0x00000010   Data   RO        25471    .rodata.AHBPrescTable  BUILD/NUCLEO_F103RB/ARMC6/mbed-os/targets/TARGET_STM/TARGET_STM32F1/STM32Cube_FW/system_stm32f1xx.o
    0x08007c80   0x00000008   Data   RO        25472    .rodata.APBPrescTable  BUILD/NUCLEO_F103RB/ARMC6/mbed-os/targets/TARGET_STM/TARGET_STM32F1/STM32Cube_FW/system_stm32f1xx.o
    0x08007c88   0x00000120   Data   RO        25479    .rodata.PinMap_PWM  BUILD/NUCLEO_F103RB/ARMC6/mbed-os/targets/TARGET_STM/TARGET_STM32F1/TARGET_STM32F103xB/TARGET_NUCLEO_F103RB/PeripheralPins.o
    0x08007da8   0x00000048   Data   RO        25481    .rodata.PinMap_UART_RX  BUILD/NUCLEO_F103RB/ARMC6/mbed-os/targets/TARGET_STM/TARGET_STM32F1/TARGET_STM32F103xB/TARGET_NUCLEO_F103RB/PeripheralPins.o
    0x08007df0   0x00000048   Data   RO        25480    .rodata.PinMap_UART_TX  BUILD/NUCLEO_F103RB/ARMC6/mbed-os/targets/TARGET_STM/TARGET_STM32F1/TARGET_STM32F103xB/TARGET_NUCLEO_F103RB/PeripheralPins.o
    0x08007e38   0x00000050   Data   RO        21908    .rodata._ZTV12DirectSerial  BUILD/NUCLEO_F103RB/ARMC6/mbed-os/platform/source/mbed_retarget.o
    0x08007e88   0x00000018   Data   RO        19063    .rodata._ZTVN4mbed10SerialBaseE  BUILD/NUCLEO_F103RB/ARMC6/mbed-os/drivers/source/SerialBase.o
    0x08007ea0   0x0000008c   Data   RO        19183    .rodata._ZTVN4mbed16UnbufferedSerialE  BUILD/NUCLEO_F103RB/ARMC6/mbed-os/drivers/source/UnbufferedSerial.o
    0x08007f2c   0x00000010   Data   RO        22352    .rodata._ZTVN4rtos6ThreadE  BUILD/NUCLEO_F103RB/ARMC6/mbed-os/rtos/source/Thread.o
    0x08007f3c   0x00000018   Data   RO        21918    .rodata._ZZL15default_consolevE14console_pinmap  BUILD/NUCLEO_F103RB/ARMC6/mbed-os/platform/source/mbed_retarget.o
    0x08007f54   0x00000040   Data   RO        25799    .rodata.ll_pin_defines  BUILD/NUCLEO_F103RB/ARMC6/mbed-os/targets/TARGET_STM/pinmap.o
    0x08007f94   0x00000004   Data   RO          281    .rodata.osRtxUserSVC  BUILD/NUCLEO_F103RB/ARMC6/mbed-os/cmsis/CMSIS_5/CMSIS/RTOS2/RTX/Source/rtx_lib.o
    0x08007f98   0x00000024   Data   RO          276    .rodata.os_idle_thread_attr  BUILD/NUCLEO_F103RB/ARMC6/mbed-os/cmsis/CMSIS_5/CMSIS/RTOS2/RTX/Source/rtx_lib.o
    0x08007fbc   0x00000018   Data   RO          278    .rodata.os_timer_mq_attr  BUILD/NUCLEO_F103RB/ARMC6/mbed-os/cmsis/CMSIS_5/CMSIS/RTOS2/RTX/Source/rtx_lib.o
    0x08007fd4   0x00000024   Data   RO          277    .rodata.os_timer_thread_attr  BUILD/NUCLEO_F103RB/ARMC6/mbed-os/cmsis/CMSIS_5/CMSIS/RTOS2/RTX/Source/rtx_lib.o
    0x08007ff8   0x00000028   Data   RO        25534    .rodata.pwm_apb_map_table  BUILD/NUCLEO_F103RB/ARMC6/mbed-os/targets/TARGET_STM/TARGET_STM32F1/pwmout_device.o
    0x08008020   0x00000013   Data   RO          282    .rodata.str1.1      BUILD/NUCLEO_F103RB/ARMC6/mbed-os/cmsis/CMSIS_5/CMSIS/RTOS2/RTX/Source/rtx_lib.o
    0x08008033   0x00000010   Data   RO          666    .rodata.str1.1      BUILD/NUCLEO_F103RB/ARMC6/mbed-os/cmsis/device/rtos/source/mbed_rtos_rtx.o
    0x08008043   0x00000138   Data   RO          703    .rodata.str1.1      BUILD/NUCLEO_F103RB/ARMC6/mbed-os/cmsis/device/rtos/source/mbed_rtx_handlers.o
    0x0800817b   0x00000056   Data   RO        17795    .rodata.str1.1      BUILD/NUCLEO_F103RB/ARMC6/mbed-os/connectivity/netsocket/source/nsapi_dns.o
    0x080081d1   0x000000c8   Data   RO        21478    .rodata.str1.1      BUILD/NUCLEO_F103RB/ARMC6/mbed-os/platform/source/TARGET_CORTEX_M/mbed_fault_handler.o
    0x08008299   0x0000015b   Data   RO        21662    .rodata.str1.1      BUILD/NUCLEO_F103RB/ARMC6/mbed-os/platform/source/mbed_error.o
    0x080083f4   0x00000063   Data   RO        21912    .rodata.str1.1      BUILD/NUCLEO_F103RB/ARMC6/mbed-os/platform/source/mbed_retarget.o
    0x08008457   0x00000012   Data   RO        22244    .rodata.str1.1      BUILD/NUCLEO_F103RB/ARMC6/mbed-os/rtos/source/Mutex.o
    0x08008469   0x00000034   Data   RO        22312    .rodata.str1.1      BUILD/NUCLEO_F103RB/ARMC6/mbed-os/rtos/source/ThisThread.o
    0x0800849d   0x0000001b   Data   RO        22351    .rodata.str1.1      BUILD/NUCLEO_F103RB/ARMC6/mbed-os/rtos/source/Thread.o
    0x080084b8   0x00000041   Data   RO        25845    .rodata.str1.1      BUILD/NUCLEO_F103RB/ARMC6/mbed-os/targets/TARGET_STM/pwmout_api.o
    0x080084f9   0x0000002a   Data   RO        25904    .rodata.str1.1      BUILD/NUCLEO_F103RB/ARMC6/mbed-os/targets/TARGET_STM/serial_api.o
    0x08008523   0x00000001   PAD
    0x08008524   0x0000000b   Data   RO          271    .rodata.str1.4      BUILD/NUCLEO_F103RB/ARMC6/mbed-os/cmsis/CMSIS_5/CMSIS/RTOS2/RTX/Source/rtx_kernel.o
    0x0800852f   0x00000001   PAD
    0x08008530   0x00000008   Data   RO        21012    .rodata.us_data     BUILD/NUCLEO_F103RB/ARMC6/mbed-os/hal/source/mbed_us_ticker_api.o
    0x08008538   0x00000024   Data   RO        21014    .rodata.us_interface  BUILD/NUCLEO_F103RB/ARMC6/mbed-os/hal/source/mbed_us_ticker_api.o
    0x0800855c   0x00000008   Data   RO        25997    .rodata.us_ticker_get_info.info  BUILD/NUCLEO_F103RB/ARMC6/mbed-os/targets/TARGET_STM/us_ticker.o
    0x08008564   0x00000020   Data   RO        26488    Region$$Table       anon$$obj.o
    0x08008584   0x00000004   Data   RO           77    .init_array         BUILD/NUCLEO_F103RB/ARMC6/main.o
    0x08008588   0x00000000   Data   RO        26327    .init_array         c:\ProgramData\Mbed Studio\mbed-studio-tools\ac6\bin\..\lib\armlib\mc_w.l(cpp_init.o)


    Execution Region RW_IRAM1 (Base: 0x200000f0, Size: 0x00001dd8, Max: 0xffffffff, ABSOLUTE)

    Base Addr    Size         Type   Attr      Idx    E Section Name        Object

    0x200000f0   0x00000004   Data   RW        26306    .data               c:\ProgramData\Mbed Studio\mbed-studio-tools\ac6\bin\..\lib\armlib\mc_w.l(errno.o)
    0x200000f4   0x00000004   Data   RW        26429    .data               c:\ProgramData\Mbed Studio\mbed-studio-tools\ac6\bin\..\lib\armlib\mc_w.l(mvars.o)
    0x200000f8   0x00000004   Data   RW        26430    .data               c:\ProgramData\Mbed Studio\mbed-studio-tools\ac6\bin\..\lib\armlib\mc_w.l(mvars.o)
    0x200000fc   0x00000010   Data   RW           68    .data.ServoConf     BUILD/NUCLEO_F103RB/ARMC6/main.o
    0x2000010c   0x00000004   Data   RW        25470    .data.SystemCoreClock  BUILD/NUCLEO_F103RB/ARMC6/mbed-os/targets/TARGET_STM/TARGET_STM32F1/STM32Cube_FW/system_stm32f1xx.o
    0x20000110   0x00000002   Data   RW           76    .data._ZL10dec_degree  BUILD/NUCLEO_F103RB/ARMC6/main.o
    0x20000112   0x00000002   PAD
    0x20000114   0x00000040   Data   RW        21917    .data._ZL11filehandles  BUILD/NUCLEO_F103RB/ARMC6/mbed-os/platform/source/mbed_retarget.o
    0x20000154   0x00000002   Data   RW           73    .data._ZL12polar_degree  BUILD/NUCLEO_F103RB/ARMC6/main.o
    0x20000156   0x00000002   PAD
    0x20000158   0x00000004   Data   RW          712    .data._ZL14idle_hook_fptr  BUILD/NUCLEO_F103RB/ARMC6/mbed-os/cmsis/device/rtos/source/mbed_rtx_idle.o
    0x2000015c   0x00000002   Data   RW           75    .data._ZL18between_step_delay  BUILD/NUCLEO_F103RB/ARMC6/main.o
    0x2000015e   0x00000001   Data   RW           74    .data._ZL4ctrl      BUILD/NUCLEO_F103RB/ARMC6/main.o
    0x2000015f   0x00000001   PAD
    0x20000160   0x00000004   Data   RW        21013    .data.irq_handler   BUILD/NUCLEO_F103RB/ARMC6/mbed-os/hal/source/mbed_us_ticker_api.o
    0x20000164   0x000000a4   Data   RW          272    .data.os            BUILD/NUCLEO_F103RB/ARMC6/mbed-os/cmsis/CMSIS_5/CMSIS/RTOS2/RTX/Source/rtx_kernel.o
    0x20000208   0x00000004   Data   RW        23832    .data.uwTickPrio    BUILD/NUCLEO_F103RB/ARMC6/mbed-os/targets/TARGET_STM/TARGET_STM32F1/STM32Cube_FW/STM32F1xx_HAL_Driver/stm32f1xx_hal.o
    0x2000020c   0x00000014   Zero   RW        26185    .bss                c:\ProgramData\Mbed Studio\mbed-studio-tools\ac6\bin\..\lib\armlib\mc_w.l(stdout_f.o)
    0x20000220   0x00000014   Zero   RW        26186    .bss                c:\ProgramData\Mbed Studio\mbed-studio-tools\ac6\bin\..\lib\armlib\mc_w.l(stderr_f.o)
    0x20000234   0x00000034   Zero   RW           70    .bss.DS             BUILD/NUCLEO_F103RB/ARMC6/main.o
    0x20000268   0x000000bc   Zero   RW           72    .bss.DataProcesing  BUILD/NUCLEO_F103RB/ARMC6/main.o
    0x20000324   0x00000001   Zero   RW          628    .bss.PendST         BUILD/NUCLEO_F103RB/ARMC6/mbed-os/cmsis/CMSIS_5/CMSIS/RTOS2/Source/os_systick.o
    0x20000325   0x00000003   PAD
    0x20000328   0x00000074   Zero   RW           71    .bss.PolarAxisMotor  BUILD/NUCLEO_F103RB/ARMC6/main.o
    0x2000039c   0x00000040   Zero   RW        25844    .bss.TimHandle      BUILD/NUCLEO_F103RB/ARMC6/mbed-os/targets/TARGET_STM/pwmout_api.o
    0x200003dc   0x00000040   Zero   RW        25998    .bss.TimMasterHandle  BUILD/NUCLEO_F103RB/ARMC6/mbed-os/targets/TARGET_STM/us_ticker.o
    0x2000041c   0x00000004   Zero   RW        21920    .bss._ZGVZL15default_consolevE7console  BUILD/NUCLEO_F103RB/ARMC6/mbed-os/platform/source/mbed_retarget.o
    0x20000420   0x00000010   Zero   RW        21910    .bss._ZL13stdio_in_prev  BUILD/NUCLEO_F103RB/ARMC6/mbed-os/platform/source/mbed_retarget.o
    0x20000430   0x00000010   Zero   RW        21911    .bss._ZL14stdio_out_prev  BUILD/NUCLEO_F103RB/ARMC6/mbed-os/platform/source/mbed_retarget.o
    0x20000440   0x00000028   Zero   RW        21907    .bss._ZL16filehandle_mutex  BUILD/NUCLEO_F103RB/ARMC6/mbed-os/platform/source/mbed_retarget.o
    0x20000468   0x00000004   Zero   RW        21170    .bss._ZN10CThunkBase17_cthunk_free_realE  BUILD/NUCLEO_F103RB/ARMC6/mbed-os/platform/source/CThunkBase.o
    0x2000046c   0x00000004   Zero   RW        21226    .bss._ZN4mbed8FileBase5_headE  BUILD/NUCLEO_F103RB/ARMC6/mbed-os/platform/source/FileBase.o
    0x20000470   0x00000028   Zero   RW        21227    .bss._ZN4mbed8FileBase6_mutexE  BUILD/NUCLEO_F103RB/ARMC6/mbed-os/platform/source/FileBase.o
    0x20000498   0x00000004   Zero   RW        21228    .bss._ZN4mbed8FileBase8_defaultE  BUILD/NUCLEO_F103RB/ARMC6/mbed-os/platform/source/FileBase.o
    0x2000049c   0x00000004   Zero   RW        21919    .bss._ZZL15default_consolevE7console  BUILD/NUCLEO_F103RB/ARMC6/mbed-os/platform/source/mbed_retarget.o
    0x200004a0   0x00001000   Zero   RW          663    .bss._main_stack    BUILD/NUCLEO_F103RB/ARMC6/mbed-os/cmsis/device/rtos/source/mbed_rtos_rtx.o
    0x200014a0   0x00000024   Zero   RW          664    .bss._main_thread_attr  BUILD/NUCLEO_F103RB/ARMC6/mbed-os/cmsis/device/rtos/source/mbed_rtos_rtx.o
    0x200014c4   0x00000004   Zero   RW        25641    .bss.can_irq_ids    BUILD/NUCLEO_F103RB/ARMC6/mbed-os/targets/TARGET_STM/can_api.o
    0x200014c8   0x00000001   Zero   RW        20895    .bss.critical_interrupts_enabled  BUILD/NUCLEO_F103RB/ARMC6/mbed-os/hal/source/mbed_critical_section_api.o
    0x200014c9   0x00000003   PAD
    0x200014cc   0x00000004   Zero   RW        21611    .bss.critical_section_reentrancy_counter  BUILD/NUCLEO_F103RB/ARMC6/mbed-os/platform/source/mbed_critical.o
    0x200014d0   0x00000002   Zero   RW        21740    .bss.deep_sleep_lock  BUILD/NUCLEO_F103RB/ARMC6/mbed-os/platform/source/mbed_power_mgmt.o
    0x200014d2   0x00000002   PAD
    0x200014d4   0x00000004   Zero   RW        21659    .bss.error_count    BUILD/NUCLEO_F103RB/ARMC6/mbed-os/platform/source/mbed_error.o
    0x200014d8   0x00000004   Zero   RW        21660    .bss.error_hook     BUILD/NUCLEO_F103RB/ARMC6/mbed-os/platform/source/mbed_error.o
    0x200014dc   0x00000004   PAD
    0x200014e0   0x00000038   Zero   RW        21015    .bss.events         BUILD/NUCLEO_F103RB/ARMC6/mbed-os/hal/source/mbed_us_ticker_api.o
    0x20001518   0x00000034   Zero   RW        21658    .bss.first_error_ctx  BUILD/NUCLEO_F103RB/ARMC6/mbed-os/platform/source/mbed_error.o
    0x2000154c   0x00000001   Zero   RW        21661    .bss.halt_in_progress  BUILD/NUCLEO_F103RB/ARMC6/mbed-os/platform/source/mbed_error.o
    0x2000154d   0x00000003   PAD
    0x20001550   0x00000004   Zero   RW        25575    .bss.irq_handler    BUILD/NUCLEO_F103RB/ARMC6/mbed-os/targets/TARGET_STM/TARGET_STM32F1/serial_device.o
    0x20001554   0x00000004   Zero   RW        25640    .bss.irq_handler    BUILD/NUCLEO_F103RB/ARMC6/mbed-os/targets/TARGET_STM/can_api.o
    0x20001558   0x00000034   Zero   RW        21657    .bss.last_error_ctx  BUILD/NUCLEO_F103RB/ARMC6/mbed-os/platform/source/mbed_error.o
    0x2000158c   0x00000001   Zero   RW        21656    .bss.mbed_error_in_progress  BUILD/NUCLEO_F103RB/ARMC6/mbed-os/platform/source/mbed_error.o
    0x2000158d   0x00000003   PAD
    0x20001590   0x00000054   Zero   RW        21479    .bss.mbed_fault_context  BUILD/NUCLEO_F103RB/ARMC6/mbed-os/platform/source/TARGET_CORTEX_M/mbed_fault_handler.o
    0x200015e4   0x00000004   Zero   RW        21906    .bss.mbed_heap_size  BUILD/NUCLEO_F103RB/ARMC6/mbed-os/platform/source/mbed_retarget.o
    0x200015e8   0x00000004   Zero   RW        21905    .bss.mbed_heap_start  BUILD/NUCLEO_F103RB/ARMC6/mbed-os/platform/source/mbed_retarget.o
    0x200015ec   0x00000004   Zero   RW        25791    .bss.mbed_sdk_inited  BUILD/NUCLEO_F103RB/ARMC6/mbed-os/targets/TARGET_STM/mbed_overrides.o
    0x200015f0   0x00000004   Zero   RW          654    .bss.mbed_stack_isr_size  BUILD/NUCLEO_F103RB/ARMC6/mbed-os/cmsis/device/rtos/source/mbed_boot.o
    0x200015f4   0x00000004   Zero   RW          653    .bss.mbed_stack_isr_start  BUILD/NUCLEO_F103RB/ARMC6/mbed-os/cmsis/device/rtos/source/mbed_boot.o
    0x200015f8   0x00000040   Zero   RW          275    .bss.os             BUILD/NUCLEO_F103RB/ARMC6/mbed-os/cmsis/CMSIS_5/CMSIS/RTOS2/RTX/Source/rtx_lib.o
    0x20001638   0x00000034   Zero   RW          285    .bss.os.msgqueue.cb  BUILD/NUCLEO_F103RB/ARMC6/mbed-os/cmsis/CMSIS_5/CMSIS/RTOS2/RTX/Source/rtx_lib.o
    0x2000166c   0x00000050   Zero   RW          286    .bss.os.msgqueue.mem  BUILD/NUCLEO_F103RB/ARMC6/mbed-os/cmsis/CMSIS_5/CMSIS/RTOS2/RTX/Source/rtx_lib.o
    0x200016bc   0x00000088   Zero   RW          283    .bss.os.thread.cb   BUILD/NUCLEO_F103RB/ARMC6/mbed-os/cmsis/CMSIS_5/CMSIS/RTOS2/RTX/Source/rtx_lib.o
    0x20001744   0x00000044   Zero   RW          665    .bss.os.thread.cb   BUILD/NUCLEO_F103RB/ARMC6/mbed-os/cmsis/device/rtos/source/mbed_rtos_rtx.o
    0x20001788   0x00000500   Zero   RW          284    .bss.os.thread.stack  BUILD/NUCLEO_F103RB/ARMC6/mbed-os/cmsis/CMSIS_5/CMSIS/RTOS2/RTX/Source/rtx_lib.o
    0x20001c88   0x00000002   Zero   RW        25696    .bss.prev_tick_remainder  BUILD/NUCLEO_F103RB/ARMC6/mbed-os/targets/TARGET_STM/hal_tick_overrides.o
    0x20001c8a   0x00000002   Zero   RW        25695    .bss.prev_time      BUILD/NUCLEO_F103RB/ARMC6/mbed-os/targets/TARGET_STM/hal_tick_overrides.o
    0x20001c8c   0x0000000c   Zero   RW        25574    .bss.serial_irq_ids  BUILD/NUCLEO_F103RB/ARMC6/mbed-os/targets/TARGET_STM/TARGET_STM32F1/serial_device.o
    0x20001c98   0x000000e8   Zero   RW           69    .bss.serial_port    BUILD/NUCLEO_F103RB/ARMC6/main.o
    0x20001d80   0x00000004   Zero   RW          669    .bss.singleton_mutex_id  BUILD/NUCLEO_F103RB/ARMC6/mbed-os/cmsis/device/rtos/source/mbed_rtos_rtx.o
    0x20001d84   0x0000001c   Zero   RW          667    .bss.singleton_mutex_obj  BUILD/NUCLEO_F103RB/ARMC6/mbed-os/cmsis/device/rtos/source/mbed_rtos_rtx.o
    0x20001da0   0x00000001   Zero   RW        20894    .bss.state_saved    BUILD/NUCLEO_F103RB/ARMC6/mbed-os/hal/source/mbed_critical_section_api.o
    0x20001da1   0x00000003   PAD
    0x20001da4   0x0000004c   Zero   RW        25905    .bss.stdio_uart     BUILD/NUCLEO_F103RB/ARMC6/mbed-os/targets/TARGET_STM/serial_api.o
    0x20001df0   0x00000004   Zero   RW        25903    .bss.stdio_uart_inited  BUILD/NUCLEO_F103RB/ARMC6/mbed-os/targets/TARGET_STM/serial_api.o
    0x20001df4   0x00000004   Zero   RW          702    .bss.terminate_hook  BUILD/NUCLEO_F103RB/ARMC6/mbed-os/cmsis/device/rtos/source/mbed_rtx_handlers.o
    0x20001df8   0x00000004   Zero   RW        26000    .bss.timer_ccr1_reg  BUILD/NUCLEO_F103RB/ARMC6/mbed-os/targets/TARGET_STM/us_ticker.o
    0x20001dfc   0x00000004   Zero   RW        25999    .bss.timer_cnt_reg  BUILD/NUCLEO_F103RB/ARMC6/mbed-os/targets/TARGET_STM/us_ticker.o
    0x20001e00   0x00000004   Zero   RW        26001    .bss.timer_dier_reg  BUILD/NUCLEO_F103RB/ARMC6/mbed-os/targets/TARGET_STM/us_ticker.o
    0x20001e04   0x00000004   Zero   RW        25697    .bss.total_ticks    BUILD/NUCLEO_F103RB/ARMC6/mbed-os/targets/TARGET_STM/hal_tick_overrides.o
    0x20001e08   0x000000c0   Zero   RW        25576    .bss.uart_handlers  BUILD/NUCLEO_F103RB/ARMC6/mbed-os/targets/TARGET_STM/TARGET_STM32F1/serial_device.o


    Execution Region ARM_LIB_HEAP (Base: 0x20001ed0, Size: 0x00002d30, Max: 0x00002d30, ABSOLUTE)

    Base Addr    Size         Type   Attr      Idx    E Section Name        Object

    0x20001ed0   0x00002d30   Zero   RW            1    ARM_LIB_HEAP.bss    anon$$obj.o


    Execution Region ARM_LIB_STACK (Base: 0x20004c00, Size: 0x00000400, Max: 0x00000400, ABSOLUTE)

    Base Addr    Size         Type   Attr      Idx    E Section Name        Object

    0x20004c00   0x00000400   Zero   RW            2    ARM_LIB_STACK.bss   anon$$obj.o


==============================================================================

Image component sizes


      Code (inc. data)   RO Data    RW Data    ZI Data      Debug   

     29124       2218       2740        272      19908      28236   Object Totals
         0          0         32          0      12592          0   (incl. Generated)
        92          0          2          5         21          0   (incl. Padding)
      2320         58          0         12         40       2964   Library Totals
         6          0          0          0          0          0   (incl. Padding)

==============================================================================


      Code (inc. data)   RO Data    RW Data    ZI Data      Debug   

     31444       2276       2740        284      19948      28256   Grand Totals
     31444       2276       2740        284      19948      28256   ELF Image Totals
     31444       2276       2740        284          0          0   ROM Totals

==============================================================================

    Total RO  Size (Code + RO Data)                34184 (  33.38kB)
    Total RW  Size (RW Data + ZI Data)             20232 (  19.76kB)
    Total ROM Size (Code + RO Data + RW Data)      34468 (  33.66kB)

==============================================================================

